Archive member included to satisfy reference by file (symbol)

/usr/local/Cellar/avr-gcc/8.2.0/lib/avr-gcc/8/gcc/avr/8.2.0/../../../../../../avr/lib/avr5/libprintf_min.a(vfprintf_min.o)
                              (vfprintf)
/usr/local/Cellar/avr-gcc/8.2.0/lib/avr-gcc/8/gcc/avr/8.2.0/../../../../../../avr/lib/avr5/libscanf_min.a(vfscanf_min.o)
                              (vfscanf)
/usr/local/Cellar/avr-gcc/8.2.0/lib/avr-gcc/8/gcc/avr/8.2.0/../../../../../../avr/lib/avr5/libm.a(addsf3.o)
                              build/obj/chprintf.o (__subsf3)
/usr/local/Cellar/avr-gcc/8.2.0/lib/avr-gcc/8/gcc/avr/8.2.0/../../../../../../avr/lib/avr5/libm.a(addsf3x.o)
                              /usr/local/Cellar/avr-gcc/8.2.0/lib/avr-gcc/8/gcc/avr/8.2.0/../../../../../../avr/lib/avr5/libm.a(addsf3.o) (__addsf3x)
/usr/local/Cellar/avr-gcc/8.2.0/lib/avr-gcc/8/gcc/avr/8.2.0/../../../../../../avr/lib/avr5/libm.a(cmpsf2.o)
                              build/obj/chprintf.o (__ltsf2)
/usr/local/Cellar/avr-gcc/8.2.0/lib/avr-gcc/8/gcc/avr/8.2.0/../../../../../../avr/lib/avr5/libm.a(fixsfsi.o)
                              build/obj/chprintf.o (__fixsfsi)
/usr/local/Cellar/avr-gcc/8.2.0/lib/avr-gcc/8/gcc/avr/8.2.0/../../../../../../avr/lib/avr5/libm.a(fixunssfsi.o)
                              /usr/local/Cellar/avr-gcc/8.2.0/lib/avr-gcc/8/gcc/avr/8.2.0/../../../../../../avr/lib/avr5/libm.a(fixsfsi.o) (__fixunssfsi)
/usr/local/Cellar/avr-gcc/8.2.0/lib/avr-gcc/8/gcc/avr/8.2.0/../../../../../../avr/lib/avr5/libm.a(floatsisf.o)
                              build/obj/chprintf.o (__floatunsisf)
/usr/local/Cellar/avr-gcc/8.2.0/lib/avr-gcc/8/gcc/avr/8.2.0/../../../../../../avr/lib/avr5/libm.a(fp_cmp.o)
                              /usr/local/Cellar/avr-gcc/8.2.0/lib/avr-gcc/8/gcc/avr/8.2.0/../../../../../../avr/lib/avr5/libm.a(cmpsf2.o) (__fp_cmp)
/usr/local/Cellar/avr-gcc/8.2.0/lib/avr-gcc/8/gcc/avr/8.2.0/../../../../../../avr/lib/avr5/libm.a(fp_inf.o)
                              /usr/local/Cellar/avr-gcc/8.2.0/lib/avr-gcc/8/gcc/avr/8.2.0/../../../../../../avr/lib/avr5/libm.a(addsf3x.o) (__fp_inf)
/usr/local/Cellar/avr-gcc/8.2.0/lib/avr-gcc/8/gcc/avr/8.2.0/../../../../../../avr/lib/avr5/libm.a(fp_nan.o)
                              /usr/local/Cellar/avr-gcc/8.2.0/lib/avr-gcc/8/gcc/avr/8.2.0/../../../../../../avr/lib/avr5/libm.a(addsf3x.o) (__fp_nan)
/usr/local/Cellar/avr-gcc/8.2.0/lib/avr-gcc/8/gcc/avr/8.2.0/../../../../../../avr/lib/avr5/libm.a(fp_pscA.o)
                              /usr/local/Cellar/avr-gcc/8.2.0/lib/avr-gcc/8/gcc/avr/8.2.0/../../../../../../avr/lib/avr5/libm.a(addsf3x.o) (__fp_pscA)
/usr/local/Cellar/avr-gcc/8.2.0/lib/avr-gcc/8/gcc/avr/8.2.0/../../../../../../avr/lib/avr5/libm.a(fp_pscB.o)
                              /usr/local/Cellar/avr-gcc/8.2.0/lib/avr-gcc/8/gcc/avr/8.2.0/../../../../../../avr/lib/avr5/libm.a(addsf3x.o) (__fp_pscB)
/usr/local/Cellar/avr-gcc/8.2.0/lib/avr-gcc/8/gcc/avr/8.2.0/../../../../../../avr/lib/avr5/libm.a(fp_round.o)
                              /usr/local/Cellar/avr-gcc/8.2.0/lib/avr-gcc/8/gcc/avr/8.2.0/../../../../../../avr/lib/avr5/libm.a(addsf3.o) (__fp_round)
/usr/local/Cellar/avr-gcc/8.2.0/lib/avr-gcc/8/gcc/avr/8.2.0/../../../../../../avr/lib/avr5/libm.a(fp_split3.o)
                              /usr/local/Cellar/avr-gcc/8.2.0/lib/avr-gcc/8/gcc/avr/8.2.0/../../../../../../avr/lib/avr5/libm.a(addsf3x.o) (__fp_split3)
/usr/local/Cellar/avr-gcc/8.2.0/lib/avr-gcc/8/gcc/avr/8.2.0/../../../../../../avr/lib/avr5/libm.a(fp_zero.o)
                              /usr/local/Cellar/avr-gcc/8.2.0/lib/avr-gcc/8/gcc/avr/8.2.0/../../../../../../avr/lib/avr5/libm.a(addsf3x.o) (__fp_zero)
/usr/local/Cellar/avr-gcc/8.2.0/lib/avr-gcc/8/gcc/avr/8.2.0/../../../../../../avr/lib/avr5/libm.a(mulsf3.o)
                              build/obj/chprintf.o (__mulsf3)
/usr/local/Cellar/avr-gcc/8.2.0/lib/avr-gcc/8/gcc/avr/8.2.0/../../../../../../avr/lib/avr5/libm.a(mulsf3x.o)
                              /usr/local/Cellar/avr-gcc/8.2.0/lib/avr-gcc/8/gcc/avr/8.2.0/../../../../../../avr/lib/avr5/libm.a(mulsf3.o) (__mulsf3x)
/usr/local/Cellar/avr-gcc/8.2.0/lib/avr-gcc/8/gcc/avr/8.2.0/avr5/libgcc.a(_udivmodhi4.o)
                              build/obj/hal_adc_lld.o (__udivmodhi4)
/usr/local/Cellar/avr-gcc/8.2.0/lib/avr-gcc/8/gcc/avr/8.2.0/avr5/libgcc.a(_udivmodsi4.o)
                              build/obj/chprintf.o (__udivmodsi4)
/usr/local/Cellar/avr-gcc/8.2.0/lib/avr-gcc/8/gcc/avr/8.2.0/avr5/libgcc.a(_divmodsi4.o)
                              build/obj/chprintf.o (__divmodsi4)
/usr/local/Cellar/avr-gcc/8.2.0/lib/avr-gcc/8/gcc/avr/8.2.0/avr5/libgcc.a(_negsi2.o)
                              /usr/local/Cellar/avr-gcc/8.2.0/lib/avr-gcc/8/gcc/avr/8.2.0/avr5/libgcc.a(_divmodsi4.o) (__negsi2)
/usr/local/Cellar/avr-gcc/8.2.0/lib/avr-gcc/8/gcc/avr/8.2.0/avr5/libgcc.a(_exit.o)
[...]
Memory Configuration

Name             Origin             Length             Attributes
text             0x0000000000000000 0x0000000000020000 xr
data             0x0000000000800060 0x000000000000ffa0 rw !x
eeprom           0x0000000000810000 0x0000000000010000 rw !x
fuse             0x0000000000820000 0x0000000000000400 rw !x
lock             0x0000000000830000 0x0000000000000400 rw !x
signature        0x0000000000840000 0x0000000000000400 rw !x
user_signatures  0x0000000000850000 0x0000000000000400 rw !x
*default*        0x0000000000000000 0xffffffffffffffff

Linker script and memory map

Address of section .data set to 0x800100
LOAD /usr/local/Cellar/avr-gcc/8.2.0/lib/avr-gcc/8/gcc/avr/8.2.0/../../../../../../avr/lib/avr5/crtatmega328p.o
LOAD build/obj/chsys.o
LOAD build/obj/chdebug.o
LOAD build/obj/chtrace.o
LOAD build/obj/chvt.o
LOAD build/obj/chschd.o
LOAD build/obj/chthreads.o
LOAD build/obj/chregistry.o
LOAD build/obj/chsem.o
LOAD build/obj/chmtx.o
LOAD build/obj/chcond.o
LOAD build/obj/chevents.o
LOAD build/obj/chmsg.o
LOAD build/obj/chmboxes.o
LOAD build/obj/chmemcore.o
LOAD build/obj/chheap.o
LOAD build/obj/chmempools.o
LOAD build/obj/chcore.o
LOAD build/obj/osal.o
LOAD build/obj/hal.o
LOAD build/obj/hal_st.o
LOAD build/obj/hal_buffers.o
LOAD build/obj/hal_queues.o
LOAD build/obj/hal_mmcsd.o
LOAD build/obj/hal_adc.o
LOAD build/obj/hal_pal.o
LOAD build/obj/hal_serial.o
LOAD build/obj/hal_lld.o
LOAD build/obj/hal_adc_lld.o
LOAD build/obj/hal_pal_lld.o
LOAD build/obj/hal_st_lld.o
LOAD build/obj/hal_serial_lld.o
LOAD build/obj/board.o
LOAD build/obj/evtimer.o
LOAD build/obj/chprintf.o
LOAD build/obj/main.o
LOAD /usr/local/Cellar/avr-gcc/8.2.0/lib/avr-gcc/8/gcc/avr/8.2.0/../../../../../../avr/lib/avr5/libprintf_min.a
LOAD /usr/local/Cellar/avr-gcc/8.2.0/lib/avr-gcc/8/gcc/avr/8.2.0/../../../../../../avr/lib/avr5/libscanf_min.a
LOAD /usr/local/Cellar/avr-gcc/8.2.0/lib/avr-gcc/8/gcc/avr/8.2.0/../../../../../../avr/lib/avr5/libm.a
START GROUP
LOAD /usr/local/Cellar/avr-gcc/8.2.0/lib/avr-gcc/8/gcc/avr/8.2.0/avr5/libgcc.a
LOAD /usr/local/Cellar/avr-gcc/8.2.0/lib/avr-gcc/8/gcc/avr/8.2.0/../../../../../../avr/lib/avr5/libm.a
LOAD /usr/local/Cellar/avr-gcc/8.2.0/lib/avr-gcc/8/gcc/avr/8.2.0/../../../../../../avr/lib/avr5/libc.a
LOAD /usr/local/Cellar/avr-gcc/8.2.0/lib/avr-gcc/8/gcc/avr/8.2.0/../../../../../../avr/lib/avr5/libatmega328p.a
END GROUP
                0x0000000000020000                __TEXT_REGION_LENGTH__ = DEFINED (__TEXT_REGION_LENGTH__)?__TEXT_REGION_LENGTH__:0x20000
                0x000000000000ffa0                __DATA_REGION_LENGTH__ = DEFINED (__DATA_REGION_LENGTH__)?__DATA_REGION_LENGTH__:0xffa0
                0x0000000000010000                __EEPROM_REGION_LENGTH__ = DEFINED (__EEPROM_REGION_LENGTH__)?__EEPROM_REGION_LENGTH__:0x10000
                0x0000000000000400                __FUSE_REGION_LENGTH__ = DEFINED (__FUSE_REGION_LENGTH__)?__FUSE_REGION_LENGTH__:0x400
                0x0000000000000400                __LOCK_REGION_LENGTH__ = DEFINED (__LOCK_REGION_LENGTH__)?__LOCK_REGION_LENGTH__:0x400
                0x0000000000000400                __SIGNATURE_REGION_LENGTH__ = DEFINED (__SIGNATURE_REGION_LENGTH__)?__SIGNATURE_REGION_LENGTH__:0x400
                0x0000000000000400                __USER_SIGNATURE_REGION_LENGTH__ = DEFINED (__USER_SIGNATURE_REGION_LENGTH__)?__USER_SIGNATURE_REGION_LENGTH__:0x400

.hash
 *(.hash)

.dynsym
 *(.dynsym)

.dynstr
 *(.dynstr)

.gnu.version
 *(.gnu.version)

.gnu.version_d
 *(.gnu.version_d)

.gnu.version_r
 *(.gnu.version_r)

.rel.init
 *(.rel.init)

.rela.init
 *(.rela.init)

.rel.text
 *(.rel.text)
 *(.rel.text.*)
 *(.rel.gnu.linkonce.t*)

.rela.text
 *(.rela.text)
 *(.rela.text.*)
 *(.rela.gnu.linkonce.t*)

.rel.fini
 *(.rel.fini)

.rela.fini
 *(.rela.fini)

.rel.rodata
 *(.rel.rodata)
 *(.rel.rodata.*)
 *(.rel.gnu.linkonce.r*)

.rela.rodata
 *(.rela.rodata)
 *(.rela.rodata.*)
 *(.rela.gnu.linkonce.r*)

.rel.data
 *(.rel.data)
 *(.rel.data.*)
 *(.rel.gnu.linkonce.d*)

.rela.data
 *(.rela.data)
 *(.rela.data.*)
 *(.rela.gnu.linkonce.d*)

.rel.ctors
 *(.rel.ctors)

.rela.ctors
 *(.rela.ctors)

.rel.dtors
 *(.rel.dtors)

.rela.dtors
 *(.rela.dtors)

.rel.got
 *(.rel.got)

.rela.got
 *(.rela.got)

.rel.bss
 *(.rel.bss)

.rela.bss
 *(.rela.bss)

.rel.plt
 *(.rel.plt)

.rela.plt
 *(.rela.plt)

.text           0x0000000000000000     0x1fda
 *(.vectors)
 .vectors       0x0000000000000000       0x68 /usr/local/Cellar/avr-gcc/8.2.0/lib/avr-gcc/8/gcc/avr/8.2.0/../../../../../../avr/lib/avr5/crtatmega328p.o
                0x0000000000000000                __vectors
                0x0000000000000000                __vector_default
 *(.vectors)
 *(.progmem.gcc*)
                0x0000000000000068                . = ALIGN (0x2)
                0x0000000000000068                __trampolines_start = .
 *(.trampolines)
 .trampolines   0x0000000000000068        0x0 linker stubs
 *(.trampolines*)
                0x0000000000000068                __trampolines_end = .
 *libprintf_flt.a:*(.progmem.data)
 *libc.a:*(.progmem.data)
 *(.progmem.*)
 .progmem.data  0x0000000000000068       0x17 /usr/local/Cellar/avr-gcc/8.2.0/lib/avr-gcc/8/gcc/avr/8.2.0/../../../../../../avr/lib/avr5/libprintf_min.a(vfprintf_min.o)
 .progmem.data  0x000000000000007f        0xb /usr/local/Cellar/avr-gcc/8.2.0/lib/avr-gcc/8/gcc/avr/8.2.0/../../../../../../avr/lib/avr5/libscanf_min.a(vfscanf_min.o)
                0x000000000000008a                . = ALIGN (0x2)
 *(.lowtext)
 *(.lowtext*)
                0x000000000000008a                __ctors_start = .
 *(.ctors)
                0x000000000000008a                __ctors_end = .
                0x000000000000008a                __dtors_start = .
 *(.dtors)
                0x000000000000008a                __dtors_end = .
 SORT_BY_NAME(*)(.ctors)
 SORT_BY_NAME(*)(.dtors)
 *(.init0)
 .init0         0x000000000000008a        0x0 /usr/local/Cellar/avr-gcc/8.2.0/lib/avr-gcc/8/gcc/avr/8.2.0/../../../../../../avr/lib/avr5/crtatmega328p.o
                0x000000000000008a                __init
 *(.init0)
 *(.init1)
 *(.init1)
 *(.init2)
 .init2         0x000000000000008a        0xc /usr/local/Cellar/avr-gcc/8.2.0/lib/avr-gcc/8/gcc/avr/8.2.0/../../../../../../avr/lib/avr5/crtatmega328p.o
 *(.init2)
 *(.init3)
 *(.init3)
 *(.init4)
 .init4         0x0000000000000096       0x16 /usr/local/Cellar/avr-gcc/8.2.0/lib/avr-gcc/8/gcc/avr/8.2.0/avr5/libgcc.a(_copy_data.o)
                0x0000000000000096                __do_copy_data
 .init4         0x00000000000000ac       0x10 /usr/local/Cellar/avr-gcc/8.2.0/lib/avr-gcc/8/gcc/avr/8.2.0/avr5/libgcc.a(_clear_bss.o)
                0x00000000000000ac                __do_clear_bss
 *(.init4)
 *(.init5)
 *(.init5)
 *(.init6)
 *(.init6)
 *(.init7)
 *(.init7)
 *(.init8)
 *(.init8)
 *(.init9)
 .init9         0x00000000000000bc        0x8 /usr/local/Cellar/avr-gcc/8.2.0/lib/avr-gcc/8/gcc/avr/8.2.0/../../../../../../avr/lib/avr5/crtatmega328p.o
 *(.init9)
 *(.text)
 .text          0x00000000000000c4        0x2 /usr/local/Cellar/avr-gcc/8.2.0/lib/avr-gcc/8/gcc/avr/8.2.0/../../../../../../avr/lib/avr5/crtatmega328p.o
                0x00000000000000c4                __vector_20
                0x00000000000000c4                __vector_1
                0x00000000000000c4                __vector_24
                0x00000000000000c4                __vector_12
                0x00000000000000c4                __bad_interrupt
                0x00000000000000c4                __vector_6
                0x00000000000000c4                __vector_3
                0x00000000000000c4                __vector_23
                0x00000000000000c4                __vector_25
                0x00000000000000c4                __vector_13
                0x00000000000000c4                __vector_17
                0x00000000000000c4                __vector_7
                0x00000000000000c4                __vector_5
                0x00000000000000c4                __vector_4
                0x00000000000000c4                __vector_9
                0x00000000000000c4                __vector_2
                0x00000000000000c4                __vector_15
                0x00000000000000c4                __vector_8
                0x00000000000000c4                __vector_14
                0x00000000000000c4                __vector_10
                0x00000000000000c4                __vector_16
                0x00000000000000c4                __vector_22
                0x00000000000000c6                . = ALIGN (0x2)
 *(.text.*)
 .text._idle_thread
                0x00000000000000c6        0x2 build/obj/chsys.o
 .text.chSysInit
                0x00000000000000c8       0x2e build/obj/chsys.o
                0x00000000000000c8                chSysInit
 .text.chSysTimerHandlerI
                0x00000000000000f6       0xea build/obj/chsys.o
                0x00000000000000f6                chSysTimerHandlerI
 .text._vt_init
                0x00000000000001e0       0x1e build/obj/chvt.o
                0x00000000000001e0                _vt_init
 .text.chVTDoSetI
                0x00000000000001fe      0x136 build/obj/chvt.o
                0x00000000000001fe                chVTDoSetI
 .text.chVTDoResetI
                0x0000000000000334       0xd8 build/obj/chvt.o
                0x0000000000000334                chVTDoResetI
 .text.wakeup   0x000000000000040c       0x9e build/obj/chschd.o
 .text._scheduler_init
                0x00000000000004aa       0x18 build/obj/chschd.o
                0x00000000000004aa                _scheduler_init
 .text.chSchReadyI
                0x00000000000004c2       0x44 build/obj/chschd.o
                0x00000000000004c2                chSchReadyI
 .text.chSchGoSleepS
                0x0000000000000506       0x38 build/obj/chschd.o
                0x0000000000000506                chSchGoSleepS
 .text.chSchGoSleepTimeoutS
                0x000000000000053e       0x68 build/obj/chschd.o
                0x000000000000053e                chSchGoSleepTimeoutS
 .text.chSchWakeupS
                0x00000000000005a6       0xa0 build/obj/chschd.o
                0x00000000000005a6                chSchWakeupS
 .text.chSchIsPreemptionRequired
                0x0000000000000646       0x20 build/obj/chschd.o
                0x0000000000000646                chSchIsPreemptionRequired
 .text.chSchDoRescheduleAhead
                0x0000000000000666       0x7a build/obj/chschd.o
                0x0000000000000666                chSchDoRescheduleAhead
 .text.chSchDoReschedule
                0x00000000000006e0        0x2 build/obj/chschd.o
                0x00000000000006e0                chSchDoReschedule
 .text._thread_init
                0x00000000000006e2       0x58 build/obj/chthreads.o
                0x00000000000006e2                _thread_init
 .text.chThdCreateSuspendedI
                0x000000000000073a       0xb4 build/obj/chthreads.o
                0x000000000000073a                chThdCreateSuspendedI
 .text.chThdCreate
                0x00000000000007ee       0x1a build/obj/chthreads.o
                0x00000000000007ee                chThdCreate
 .text.chThdCreateStatic
                0x0000000000000808       0x8c build/obj/chthreads.o
                0x0000000000000808                chThdCreateStatic
 .text.chThdExitS
                0x0000000000000894       0x60 build/obj/chthreads.o
                0x0000000000000894                chThdExitS
 .text.chThdExit
                0x00000000000008f4        0x4 build/obj/chthreads.o
                0x00000000000008f4                chThdExit
 .text.chThdSleep
                0x00000000000008f8        0xc build/obj/chthreads.o
                0x00000000000008f8                chThdSleep
 .text.chThdResumeI
                0x0000000000000904       0x1a build/obj/chthreads.o
                0x0000000000000904                chThdResumeI
 .text.chThdEnqueueTimeoutS
                0x000000000000091e       0x3a build/obj/chthreads.o
                0x000000000000091e                chThdEnqueueTimeoutS
 .text.chThdDequeueNextI
                0x0000000000000958       0x32 build/obj/chthreads.o
                0x0000000000000958                chThdDequeueNextI
 .text.chMtxObjectInit
                0x000000000000098a       0x10 build/obj/chmtx.o
                0x000000000000098a                chMtxObjectInit
 .text.chEvtSignalI
                0x000000000000099a       0x2c build/obj/chevents.o
                0x000000000000099a                chEvtSignalI
 .text.chEvtBroadcastFlagsI
                0x00000000000009c6       0x4a build/obj/chevents.o
                0x00000000000009c6                chEvtBroadcastFlagsI
 .text._core_init
                0x0000000000000a10       0x16 build/obj/chmemcore.o
                0x0000000000000a10                _core_init
 .text.chCoreAllocAlignedWithOffset
                0x0000000000000a26       0x68 build/obj/chmemcore.o
                0x0000000000000a26                chCoreAllocAlignedWithOffset
 .text._heap_init
                0x0000000000000a8e       0x1a build/obj/chheap.o
                0x0000000000000a8e                _heap_init
 .text._port_switch
                0x0000000000000aa8       0x5e build/obj/chcore.o
                0x0000000000000aa8                _port_switch
 .text._port_thread_start
                0x0000000000000b06        0xc build/obj/chcore.o
                0x0000000000000b06                _port_thread_start
 .text.halInit  0x0000000000000b12       0x10 build/obj/hal.o
                0x0000000000000b12                halInit
 .text.stInit   0x0000000000000b22        0x2 build/obj/hal_st.o
                0x0000000000000b22                stInit
 .text.stStartAlarm
                0x0000000000000b24       0x12 build/obj/hal_st.o
                0x0000000000000b24                stStartAlarm
 .text.stStopAlarm
                0x0000000000000b36        0x6 build/obj/hal_st.o
                0x0000000000000b36                stStopAlarm
 .text.stSetAlarm
                0x0000000000000b3c        0xa build/obj/hal_st.o
                0x0000000000000b3c                stSetAlarm
 .text.iq_read  0x0000000000000b46       0xb6 build/obj/hal_queues.o
 .text.oq_write
                0x0000000000000bfc       0xb6 build/obj/hal_queues.o
 .text.iqObjectInit
                0x0000000000000cb2       0x34 build/obj/hal_queues.o
                0x0000000000000cb2                iqObjectInit
 .text.iqPutI   0x0000000000000ce6       0x56 build/obj/hal_queues.o
                0x0000000000000ce6                iqPutI
 .text.iqGetTimeout
                0x0000000000000d3c       0x74 build/obj/hal_queues.o
                0x0000000000000d3c                iqGetTimeout
 .text.iqReadTimeout
                0x0000000000000db0       0x8e build/obj/hal_queues.o
                0x0000000000000db0                iqReadTimeout
 .text.oqObjectInit
                0x0000000000000e3e       0x34 build/obj/hal_queues.o
                0x0000000000000e3e                oqObjectInit
 .text.oqPutTimeout
                0x0000000000000e72       0x80 build/obj/hal_queues.o
                0x0000000000000e72                oqPutTimeout
 .text.oqGetI   0x0000000000000ef2       0x5a build/obj/hal_queues.o
                0x0000000000000ef2                oqGetI
 .text.oqWriteTimeout
                0x0000000000000f4c       0x8e build/obj/hal_queues.o
                0x0000000000000f4c                oqWriteTimeout
 .text.adcInit  0x0000000000000fda        0x2 build/obj/hal_adc.o
                0x0000000000000fda                adcInit
 .text.adcObjectInit
                0x0000000000000fdc       0x20 build/obj/hal_adc.o
                0x0000000000000fdc                adcObjectInit
 .text.adcStart
                0x0000000000000ffc       0x1a build/obj/hal_adc.o
                0x0000000000000ffc                adcStart
 .text.adcStartConversion
                0x0000000000001016       0x1a build/obj/hal_adc.o
                0x0000000000001016                adcStartConversion
 .text._readt   0x0000000000001030        0x4 build/obj/hal_serial.o
 .text._read    0x0000000000001034        0x8 build/obj/hal_serial.o
 .text._writet  0x000000000000103c        0x4 build/obj/hal_serial.o
 .text._write   0x0000000000001040        0x8 build/obj/hal_serial.o
 .text._gett    0x0000000000001048        0x4 build/obj/hal_serial.o
 .text._get     0x000000000000104c        0x8 build/obj/hal_serial.o
 .text._putt    0x0000000000001054        0x4 build/obj/hal_serial.o
 .text._put     0x0000000000001058        0x8 build/obj/hal_serial.o
 .text._ctl     0x0000000000001060        0x6 build/obj/hal_serial.o
 .text.sdInit   0x0000000000001066        0x2 build/obj/hal_serial.o
                0x0000000000001066                sdInit
 .text.sdObjectInit
                0x0000000000001068       0x56 build/obj/hal_serial.o
                0x0000000000001068                sdObjectInit
 .text.sdStart  0x00000000000010be       0x16 build/obj/hal_serial.o
                0x00000000000010be                sdStart
 .text.sdIncomingDataI
                0x00000000000010d4       0x48 build/obj/hal_serial.o
                0x00000000000010d4                sdIncomingDataI
 .text.sdRequestDataI
                0x000000000000111c       0x34 build/obj/hal_serial.o
                0x000000000000111c                sdRequestDataI
 .text.hal_lld_init
                0x0000000000001150        0x2 build/obj/hal_lld.o
                0x0000000000001150                hal_lld_init
 .text.__vector_21
                0x0000000000001152      0x244 build/obj/hal_adc_lld.o
                0x0000000000001152                __vector_21
 .text.adc_lld_init
                0x0000000000001396       0x12 build/obj/hal_adc_lld.o
                0x0000000000001396                adc_lld_init
 .text.adc_lld_start
                0x00000000000013a8       0x2e build/obj/hal_adc_lld.o
                0x00000000000013a8                adc_lld_start
 .text.adc_lld_start_conversion
                0x00000000000013d6       0x46 build/obj/hal_adc_lld.o
                0x00000000000013d6                adc_lld_start_conversion
 .text._pal_lld_init
                0x000000000000141c       0x1c build/obj/hal_pal_lld.o
                0x000000000000141c                _pal_lld_init
 .text._pal_lld_setgroupmode
                0x0000000000001438       0x4a build/obj/hal_pal_lld.o
                0x0000000000001438                _pal_lld_setgroupmode
 .text.__vector_11
                0x0000000000001482       0x5c build/obj/hal_st_lld.o
                0x0000000000001482                __vector_11
 .text.st_lld_init
                0x00000000000014de       0x2e build/obj/hal_st_lld.o
                0x00000000000014de                st_lld_init
 .text.notify1  0x000000000000150c        0xc build/obj/hal_serial_lld.o
 .text.__vector_18
                0x0000000000001518       0x82 build/obj/hal_serial_lld.o
                0x0000000000001518                __vector_18
 .text.__vector_19
                0x000000000000159a       0x7a build/obj/hal_serial_lld.o
                0x000000000000159a                __vector_19
 .text.sd_lld_init
                0x0000000000001614        0xe build/obj/hal_serial_lld.o
                0x0000000000001614                sd_lld_init
 .text.sd_lld_start
                0x0000000000001622       0x7e build/obj/hal_serial_lld.o
                0x0000000000001622                sd_lld_start
 .text.boardInit
                0x00000000000016a0        0x8 build/obj/board.o
                0x00000000000016a0                boardInit
 .text.adc_cb   0x00000000000016a8        0x8 build/obj/main.o
                0x00000000000016a8                adc_cb
 .text.serial_write
                0x00000000000016b0       0x2a build/obj/main.o
                0x00000000000016b0                serial_write
 .text.Thread1  0x00000000000016da       0x6c build/obj/main.o
 .text.initPorts
                0x0000000000001746       0x28 build/obj/main.o
                0x0000000000001746                initPorts
 .text.startup.main
                0x000000000000176e       0x82 build/obj/main.o
                0x000000000000176e                main
 .text.avr-libc
                0x00000000000017f0      0x1f8 /usr/local/Cellar/avr-gcc/8.2.0/lib/avr-gcc/8/gcc/avr/8.2.0/../../../../../../avr/lib/avr5/libprintf_min.a(vfprintf_min.o)
                0x00000000000017f0                vfprintf
 .text.avr-libc
                0x00000000000019e8      0x35a /usr/local/Cellar/avr-gcc/8.2.0/lib/avr-gcc/8/gcc/avr/8.2.0/../../../../../../avr/lib/avr5/libscanf_min.a(vfscanf_min.o)
                0x0000000000001b72                vfscanf
 .text.libgcc.div
                0x0000000000001d42       0x28 /usr/local/Cellar/avr-gcc/8.2.0/lib/avr-gcc/8/gcc/avr/8.2.0/avr5/libgcc.a(_udivmodhi4.o)
                0x0000000000001d42                __udivmodhi4
 .text.libgcc.prologue
                0x0000000000001d6a       0x38 /usr/local/Cellar/avr-gcc/8.2.0/lib/avr-gcc/8/gcc/avr/8.2.0/avr5/libgcc.a(_prologue.o)
                0x0000000000001d6a                __prologue_saves__
 .text.libgcc.prologue
                0x0000000000001da2       0x36 /usr/local/Cellar/avr-gcc/8.2.0/lib/avr-gcc/8/gcc/avr/8.2.0/avr5/libgcc.a(_epilogue.o)
                0x0000000000001da2                __epilogue_restores__
 .text.avr-libc
                0x0000000000001dd8       0x10 /usr/local/Cellar/avr-gcc/8.2.0/lib/avr-gcc/8/gcc/avr/8.2.0/../../../../../../avr/lib/avr5/libc.a(isspace.o)
                0x0000000000001dd8                isspace
 .text.avr-libc
                0x0000000000001de8       0x16 /usr/local/Cellar/avr-gcc/8.2.0/lib/avr-gcc/8/gcc/avr/8.2.0/../../../../../../avr/lib/avr5/libc.a(strchr_P.o)
                0x0000000000001de8                strchr_P
 .text.avr-libc
                0x0000000000001dfe       0x12 /usr/local/Cellar/avr-gcc/8.2.0/lib/avr-gcc/8/gcc/avr/8.2.0/../../../../../../avr/lib/avr5/libc.a(memcpy.o)
                0x0000000000001dfe                memcpy
 .text.avr-libc
                0x0000000000001e10       0x74 /usr/local/Cellar/avr-gcc/8.2.0/lib/avr-gcc/8/gcc/avr/8.2.0/../../../../../../avr/lib/avr5/libc.a(fgetc.o)
                0x0000000000001e10                fgetc
 .text.avr-libc
                0x0000000000001e84       0x60 /usr/local/Cellar/avr-gcc/8.2.0/lib/avr-gcc/8/gcc/avr/8.2.0/../../../../../../avr/lib/avr5/libc.a(fputc.o)
                0x0000000000001e84                fputc
 .text.avr-libc
                0x0000000000001ee4       0x30 /usr/local/Cellar/avr-gcc/8.2.0/lib/avr-gcc/8/gcc/avr/8.2.0/../../../../../../avr/lib/avr5/libc.a(ungetc.o)
                0x0000000000001ee4                ungetc
 .text.avr-libc
                0x0000000000001f14       0xbc /usr/local/Cellar/avr-gcc/8.2.0/lib/avr-gcc/8/gcc/avr/8.2.0/../../../../../../avr/lib/avr5/libc.a(ultoa_invert.o)
                0x0000000000001f14                __ultoa_invert
 .text.avr-libc
                0x0000000000001fd0        0x6 /usr/local/Cellar/avr-gcc/8.2.0/lib/avr-gcc/8/gcc/avr/8.2.0/../../../../../../avr/lib/avr5/libc.a(cty_isfalse.o)
                0x0000000000001fd0                __ctype_isfalse
                0x0000000000001fd4                __ctype_istrue
                0x0000000000001fd6                . = ALIGN (0x2)
 *(.fini9)
 .fini9         0x0000000000001fd6        0x0 /usr/local/Cellar/avr-gcc/8.2.0/lib/avr-gcc/8/gcc/avr/8.2.0/avr5/libgcc.a(_exit.o)
                0x0000000000001fd6                exit
                0x0000000000001fd6                _exit
 *(.fini9)
 *(.fini8)
 *(.fini8)
 *(.fini7)
 *(.fini7)
 *(.fini6)
 *(.fini6)
 *(.fini5)
 *(.fini5)
 *(.fini4)
 *(.fini4)
 *(.fini3)
 *(.fini3)
 *(.fini2)
 *(.fini2)
 *(.fini1)
 *(.fini1)
 *(.fini0)
 .fini0         0x0000000000001fd6        0x4 /usr/local/Cellar/avr-gcc/8.2.0/lib/avr-gcc/8/gcc/avr/8.2.0/avr5/libgcc.a(_exit.o)
 *(.fini0)
 *(.hightext)
 *(.hightext*)
 *(.progmemx.*)
                0x0000000000001fda                . = ALIGN (0x2)
 *(.jumptables)
 *(.jumptables*)
                0x0000000000001fda                _etext = .

.data           0x0000000000800100       0xb2 load address 0x0000000000001fda
                0x0000000000800100                PROVIDE (__data_start = .)
 *(.data)
 *(.data*)
 *(.gnu.linkonce.d*)
 *(.rodata)
 .rodata        0x0000000000800100        0x6 build/obj/main.o
 *(.rodata*)
 .rodata.str1.1
                0x0000000000800106        0x5 build/obj/chsys.o
 .rodata.idle_descriptor.2695
                0x000000000080010b        0xb build/obj/chsys.o
 .rodata.chThdCreateStatic.str1.1
                0x0000000000800116        0x7 build/obj/chthreads.o
 .rodata.ch_debug
                0x000000000080011d       0x16 build/obj/chregistry.o
                0x000000000080011d                ch_debug
 .rodata.vmt    0x0000000000800133       0x14 build/obj/hal_serial.o
 .rodata.pal_default_config
                0x0000000000800147        0x6 build/obj/board.o
                0x0000000000800147                pal_default_config
 .rodata.Thread1.str1.1
                0x000000000080014d       0x2a build/obj/main.o
 .rodata.main.str1.1
                0x0000000000800177       0x3b build/obj/main.o
 *(.gnu.linkonce.r*)
                0x00000000008001b2                . = ALIGN (0x2)
                0x00000000008001b2                _edata = .
                0x00000000008001b2                PROVIDE (__data_end = .)

.bss            0x00000000008001b2      0x213
                0x00000000008001b2                PROVIDE (__bss_start = .)
 *(.bss)
 *(.bss*)
 .bss.static_heap.2691
                0x00000000008001b2       0x80 build/obj/chmemcore.o
 .bss.default_heap
                0x0000000000800232        0xe build/obj/chheap.o
 .bss.waThread1
                0x0000000000800240       0x81 build/obj/main.o
 *(COMMON)
 COMMON         0x00000000008002c1       0x69 build/obj/chsys.o
                0x00000000008002c1                ch_idle_thread_wa
 COMMON         0x000000000080032a       0x33 build/obj/chschd.o
                0x000000000080032a                ch
 COMMON         0x000000000080035d        0x4 build/obj/chmemcore.o
                0x000000000080035d                ch_memcore
 COMMON         0x0000000000800361        0x1 build/obj/chcore.o
                0x0000000000800361                __avr_in_isr
 COMMON         0x0000000000800362       0x15 build/obj/hal_adc_lld.o
                0x0000000000800362                ADCD1
 COMMON         0x0000000000800377       0x49 build/obj/hal_serial_lld.o
                0x0000000000800377                SD1
 COMMON         0x00000000008003c0        0x5 build/obj/main.o
                0x00000000008003c0                doorOpened
                0x00000000008003c1                flag
                0x00000000008003c2                maxSpeed
                0x00000000008003c3                overSpeed
                0x00000000008003c4                isRanning
                0x00000000008003c5                PROVIDE (__bss_end = .)
                0x0000000000001fda                __data_load_start = LOADADDR (.data)
                0x000000000000208c                __data_load_end = (__data_load_start + SIZEOF (.data))

.noinit         0x00000000008003c5        0x0
                [!provide]                        PROVIDE (__noinit_start = .)
 *(.noinit*)
                [!provide]                        PROVIDE (__noinit_end = .)
                0x00000000008003c5                _end = .
                [!provide]                        PROVIDE (__heap_start = .)

.eeprom         0x0000000000810000        0x0
 *(.eeprom*)
                0x0000000000810000                __eeprom_end = .

.fuse
 *(.fuse)
 *(.lfuse)
 *(.hfuse)
 *(.efuse)

.lock
 *(.lock*)

.signature
 *(.signature*)

.stab
 *(.stab)

.stabstr
 *(.stabstr)

.stab.excl
 *(.stab.excl)

.stab.exclstr
 *(.stab.exclstr)

.stab.index
 *(.stab.index)

.stab.indexstr
 *(.stab.indexstr)

.comment        0x0000000000000000       0x11
 *(.comment)
 .comment       0x0000000000000000       0x11 build/obj/chsys.o
                                         0x12 (size before relaxing)
 .comment       0x0000000000000011       0x12 build/obj/chvt.o
 .comment       0x0000000000000011       0x12 build/obj/chschd.o
 .comment       0x0000000000000011       0x12 build/obj/chthreads.o
 .comment       0x0000000000000011       0x12 build/obj/chregistry.o
 .comment       0x0000000000000011       0x12 build/obj/chmtx.o
 .comment       0x0000000000000011       0x12 build/obj/chevents.o
 .comment       0x0000000000000011       0x12 build/obj/chmemcore.o
 .comment       0x0000000000000011       0x12 build/obj/chheap.o
 .comment       0x0000000000000011       0x12 build/obj/chcore.o
 .comment       0x0000000000000011       0x12 build/obj/hal.o
 .comment       0x0000000000000011       0x12 build/obj/hal_st.o
 .comment       0x0000000000000011       0x12 build/obj/hal_queues.o
 .comment       0x0000000000000011       0x12 build/obj/hal_adc.o
 .comment       0x0000000000000011       0x12 build/obj/hal_serial.o
 .comment       0x0000000000000011       0x12 build/obj/hal_lld.o
 .comment       0x0000000000000011       0x12 build/obj/hal_adc_lld.o
 .comment       0x0000000000000011       0x12 build/obj/hal_pal_lld.o
 .comment       0x0000000000000011       0x12 build/obj/hal_st_lld.o
 .comment       0x0000000000000011       0x12 build/obj/hal_serial_lld.o
 .comment       0x0000000000000011       0x12 build/obj/board.o
 .comment       0x0000000000000011       0x12 build/obj/main.o
 .comment       0x0000000000000011       0x12 /usr/local/Cellar/avr-gcc/8.2.0/lib/avr-gcc/8/gcc/avr/8.2.0/../../../../../../avr/lib/avr5/libprintf_min.a(vfprintf_min.o)
 .comment       0x0000000000000011       0x12 /usr/local/Cellar/avr-gcc/8.2.0/lib/avr-gcc/8/gcc/avr/8.2.0/../../../../../../avr/lib/avr5/libscanf_min.a(vfscanf_min.o)
 .comment       0x0000000000000011       0x12 /usr/local/Cellar/avr-gcc/8.2.0/lib/avr-gcc/8/gcc/avr/8.2.0/../../../../../../avr/lib/avr5/libc.a(fgetc.o)
 .comment       0x0000000000000011       0x12 /usr/local/Cellar/avr-gcc/8.2.0/lib/avr-gcc/8/gcc/avr/8.2.0/../../../../../../avr/lib/avr5/libc.a(fputc.o)
 .comment       0x0000000000000011       0x12 /usr/local/Cellar/avr-gcc/8.2.0/lib/avr-gcc/8/gcc/avr/8.2.0/../../../../../../avr/lib/avr5/libc.a(ungetc.o)

.note.gnu.avr.deviceinfo
                0x0000000000000000       0x40
 .note.gnu.avr.deviceinfo
                0x0000000000000000       0x40 /usr/local/Cellar/avr-gcc/8.2.0/lib/avr-gcc/8/gcc/avr/8.2.0/../../../../../../avr/lib/avr5/crtatmega328p.o

.note.gnu.build-id
 *(.note.gnu.build-id)

.debug
 *(.debug)

.line
 *(.line)

.debug_srcinfo
 *(.debug_srcinfo)

.debug_sfnames
 *(.debug_sfnames)

.debug_aranges  0x0000000000000000      0x820
 *(.debug_aranges)
 .debug_aranges
                0x0000000000000000       0x50 build/obj/chsys.o
 .debug_aranges
                0x0000000000000050       0x30 build/obj/chvt.o
 .debug_aranges
                0x0000000000000080       0x70 build/obj/chschd.o
 .debug_aranges
                0x00000000000000f0       0xe8 build/obj/chthreads.o
 .debug_aranges
                0x00000000000001d8       0x38 build/obj/chregistry.o
 .debug_aranges
                0x0000000000000210       0x60 build/obj/chmtx.o
 .debug_aranges
                0x0000000000000270       0xa8 build/obj/chevents.o
 .debug_aranges
                0x0000000000000318       0x38 build/obj/chmemcore.o
 .debug_aranges
                0x0000000000000350       0x40 build/obj/chheap.o
 .debug_aranges
                0x0000000000000390       0x28 build/obj/chcore.o
 .debug_aranges
                0x00000000000003b8       0x20 build/obj/hal.o
 .debug_aranges
                0x00000000000003d8       0x40 build/obj/hal_st.o
 .debug_aranges
                0x0000000000000418       0x98 build/obj/hal_queues.o
 .debug_aranges
                0x00000000000004b0       0x70 build/obj/hal_adc.o
 .debug_aranges
                0x0000000000000520       0xa0 build/obj/hal_serial.o
 .debug_aranges
                0x00000000000005c0       0x20 build/obj/hal_lld.o
 .debug_aranges
                0x00000000000005e0       0x48 build/obj/hal_adc_lld.o
 .debug_aranges
                0x0000000000000628       0x48 build/obj/hal_pal_lld.o
 .debug_aranges
                0x0000000000000670       0x28 build/obj/hal_st_lld.o
 .debug_aranges
                0x0000000000000698       0x48 build/obj/hal_serial_lld.o
 .debug_aranges
                0x00000000000006e0       0x20 build/obj/board.o
 .debug_aranges
                0x0000000000000700       0x60 build/obj/main.o
 .debug_aranges
                0x0000000000000760       0x20 /usr/local/Cellar/avr-gcc/8.2.0/lib/avr-gcc/8/gcc/avr/8.2.0/avr5/libgcc.a(_udivmodhi4.o)
 .debug_aranges
                0x0000000000000780       0x20 /usr/local/Cellar/avr-gcc/8.2.0/lib/avr-gcc/8/gcc/avr/8.2.0/avr5/libgcc.a(_exit.o)
 .debug_aranges
                0x00000000000007a0       0x20 /usr/local/Cellar/avr-gcc/8.2.0/lib/avr-gcc/8/gcc/avr/8.2.0/avr5/libgcc.a(_copy_data.o)
 .debug_aranges
                0x00000000000007c0       0x20 /usr/local/Cellar/avr-gcc/8.2.0/lib/avr-gcc/8/gcc/avr/8.2.0/avr5/libgcc.a(_clear_bss.o)
 .debug_aranges
                0x00000000000007e0       0x20 /usr/local/Cellar/avr-gcc/8.2.0/lib/avr-gcc/8/gcc/avr/8.2.0/avr5/libgcc.a(_prologue.o)
 .debug_aranges
                0x0000000000000800       0x20 /usr/local/Cellar/avr-gcc/8.2.0/lib/avr-gcc/8/gcc/avr/8.2.0/avr5/libgcc.a(_epilogue.o)

.debug_pubnames
 *(.debug_pubnames)

.debug_info     0x0000000000000000    0x1ad51
 *(.debug_info .gnu.linkonce.wi.*)
 .debug_info    0x0000000000000000      0x5f4 /usr/local/Cellar/avr-gcc/8.2.0/lib/avr-gcc/8/gcc/avr/8.2.0/../../../../../../avr/lib/avr5/crtatmega328p.o
 .debug_info    0x00000000000005f4     0x106b build/obj/chsys.o
 .debug_info    0x000000000000165f      0xd1d build/obj/chvt.o
 .debug_info    0x000000000000237c     0x10c2 build/obj/chschd.o
 .debug_info    0x000000000000343e     0x22da build/obj/chthreads.o
 .debug_info    0x0000000000005718      0xd67 build/obj/chregistry.o
 .debug_info    0x000000000000647f     0x1457 build/obj/chmtx.o
 .debug_info    0x00000000000078d6     0x1763 build/obj/chevents.o
 .debug_info    0x0000000000009039      0xb4f build/obj/chmemcore.o
 .debug_info    0x0000000000009b88      0xe1c build/obj/chheap.o
 .debug_info    0x000000000000a9a4      0x988 build/obj/chcore.o
 .debug_info    0x000000000000b32c      0xffa build/obj/hal.o
 .debug_info    0x000000000000c326     0x111b build/obj/hal_st.o
 .debug_info    0x000000000000d441     0x221e build/obj/hal_queues.o
 .debug_info    0x000000000000f65f     0x1a9d build/obj/hal_adc.o
 .debug_info    0x00000000000110fc     0x1d90 build/obj/hal_serial.o
 .debug_info    0x0000000000012e8c      0xf5d build/obj/hal_lld.o
 .debug_info    0x0000000000013de9     0x13ce build/obj/hal_adc_lld.o
 .debug_info    0x00000000000151b7     0x11e3 build/obj/hal_pal_lld.o
 .debug_info    0x000000000001639a     0x1028 build/obj/hal_st_lld.o
 .debug_info    0x00000000000173c2     0x13a9 build/obj/hal_serial_lld.o
 .debug_info    0x000000000001876b      0xf6b build/obj/board.o
 .debug_info    0x00000000000196d6     0x1597 build/obj/main.o
 .debug_info    0x000000000001ac6d       0x26 /usr/local/Cellar/avr-gcc/8.2.0/lib/avr-gcc/8/gcc/avr/8.2.0/avr5/libgcc.a(_udivmodhi4.o)
 .debug_info    0x000000000001ac93       0x26 /usr/local/Cellar/avr-gcc/8.2.0/lib/avr-gcc/8/gcc/avr/8.2.0/avr5/libgcc.a(_exit.o)
 .debug_info    0x000000000001acb9       0x26 /usr/local/Cellar/avr-gcc/8.2.0/lib/avr-gcc/8/gcc/avr/8.2.0/avr5/libgcc.a(_copy_data.o)
 .debug_info    0x000000000001acdf       0x26 /usr/local/Cellar/avr-gcc/8.2.0/lib/avr-gcc/8/gcc/avr/8.2.0/avr5/libgcc.a(_clear_bss.o)
 .debug_info    0x000000000001ad05       0x26 /usr/local/Cellar/avr-gcc/8.2.0/lib/avr-gcc/8/gcc/avr/8.2.0/avr5/libgcc.a(_prologue.o)
 .debug_info    0x000000000001ad2b       0x26 /usr/local/Cellar/avr-gcc/8.2.0/lib/avr-gcc/8/gcc/avr/8.2.0/avr5/libgcc.a(_epilogue.o)

.debug_abbrev   0x0000000000000000     0x5233
 *(.debug_abbrev)
 .debug_abbrev  0x0000000000000000      0x5a2 /usr/local/Cellar/avr-gcc/8.2.0/lib/avr-gcc/8/gcc/avr/8.2.0/../../../../../../avr/lib/avr5/crtatmega328p.o
 .debug_abbrev  0x00000000000005a2      0x4d0 build/obj/chsys.o
 .debug_abbrev  0x0000000000000a72      0x362 build/obj/chvt.o
 .debug_abbrev  0x0000000000000dd4      0x46a build/obj/chschd.o
 .debug_abbrev  0x000000000000123e      0x530 build/obj/chthreads.o
 .debug_abbrev  0x000000000000176e      0x32a build/obj/chregistry.o
 .debug_abbrev  0x0000000000001a98      0x462 build/obj/chmtx.o
 .debug_abbrev  0x0000000000001efa      0x4c0 build/obj/chevents.o
 .debug_abbrev  0x00000000000023ba      0x309 build/obj/chmemcore.o
 .debug_abbrev  0x00000000000026c3      0x323 build/obj/chheap.o
 .debug_abbrev  0x00000000000029e6      0x1fb build/obj/chcore.o
 .debug_abbrev  0x0000000000002be1      0x210 build/obj/hal.o
 .debug_abbrev  0x0000000000002df1      0x2ac build/obj/hal_st.o
 .debug_abbrev  0x000000000000309d      0x506 build/obj/hal_queues.o
 .debug_abbrev  0x00000000000035a3      0x404 build/obj/hal_adc.o
 .debug_abbrev  0x00000000000039a7      0x494 build/obj/hal_serial.o
 .debug_abbrev  0x0000000000003e3b      0x1bc build/obj/hal_lld.o
 .debug_abbrev  0x0000000000003ff7      0x3ae build/obj/hal_adc_lld.o
 .debug_abbrev  0x00000000000043a5      0x249 build/obj/hal_pal_lld.o
 .debug_abbrev  0x00000000000045ee      0x220 build/obj/hal_st_lld.o
 .debug_abbrev  0x000000000000480e      0x3e7 build/obj/hal_serial_lld.o
 .debug_abbrev  0x0000000000004bf5      0x1cb build/obj/board.o
 .debug_abbrev  0x0000000000004dc0      0x3fb build/obj/main.o
 .debug_abbrev  0x00000000000051bb       0x14 /usr/local/Cellar/avr-gcc/8.2.0/lib/avr-gcc/8/gcc/avr/8.2.0/avr5/libgcc.a(_udivmodhi4.o)
 .debug_abbrev  0x00000000000051cf       0x14 /usr/local/Cellar/avr-gcc/8.2.0/lib/avr-gcc/8/gcc/avr/8.2.0/avr5/libgcc.a(_exit.o)
 .debug_abbrev  0x00000000000051e3       0x14 /usr/local/Cellar/avr-gcc/8.2.0/lib/avr-gcc/8/gcc/avr/8.2.0/avr5/libgcc.a(_copy_data.o)
 .debug_abbrev  0x00000000000051f7       0x14 /usr/local/Cellar/avr-gcc/8.2.0/lib/avr-gcc/8/gcc/avr/8.2.0/avr5/libgcc.a(_clear_bss.o)
 .debug_abbrev  0x000000000000520b       0x14 /usr/local/Cellar/avr-gcc/8.2.0/lib/avr-gcc/8/gcc/avr/8.2.0/avr5/libgcc.a(_prologue.o)
 .debug_abbrev  0x000000000000521f       0x14 /usr/local/Cellar/avr-gcc/8.2.0/lib/avr-gcc/8/gcc/avr/8.2.0/avr5/libgcc.a(_epilogue.o)

.debug_line     0x0000000000000000     0xebd5
 *(.debug_line .debug_line.* .debug_line_end)
 .debug_line    0x0000000000000000       0x1d /usr/local/Cellar/avr-gcc/8.2.0/lib/avr-gcc/8/gcc/avr/8.2.0/../../../../../../avr/lib/avr5/crtatmega328p.o
 .debug_line    0x000000000000001d      0xbcb build/obj/chsys.o
 .debug_line    0x0000000000000be8      0x8ba build/obj/chvt.o
 .debug_line    0x00000000000014a2      0xf32 build/obj/chschd.o
 .debug_line    0x00000000000023d4     0x1f4f build/obj/chthreads.o
 .debug_line    0x0000000000004323      0x8d2 build/obj/chregistry.o
 .debug_line    0x0000000000004bf5     0x1295 build/obj/chmtx.o
 .debug_line    0x0000000000005e8a     0x1573 build/obj/chevents.o
 .debug_line    0x00000000000073fd      0x4fa build/obj/chmemcore.o
 .debug_line    0x00000000000078f7      0x99f build/obj/chheap.o
 .debug_line    0x0000000000008296      0x327 build/obj/chcore.o
 .debug_line    0x00000000000085bd      0x3b7 build/obj/hal.o
 .debug_line    0x0000000000008974      0x487 build/obj/hal_st.o
 .debug_line    0x0000000000008dfb     0x1804 build/obj/hal_queues.o
 .debug_line    0x000000000000a5ff      0xc87 build/obj/hal_adc.o
 .debug_line    0x000000000000b286      0xbfb build/obj/hal_serial.o
 .debug_line    0x000000000000be81      0x309 build/obj/hal_lld.o
 .debug_line    0x000000000000c18a      0x9dd build/obj/hal_adc_lld.o
 .debug_line    0x000000000000cb67      0x52d build/obj/hal_pal_lld.o
 .debug_line    0x000000000000d094      0x4fa build/obj/hal_st_lld.o
 .debug_line    0x000000000000d58e      0x9be build/obj/hal_serial_lld.o
 .debug_line    0x000000000000df4c      0x326 build/obj/board.o
 .debug_line    0x000000000000e272      0x525 build/obj/main.o
 .debug_line    0x000000000000e797       0xcd /usr/local/Cellar/avr-gcc/8.2.0/lib/avr-gcc/8/gcc/avr/8.2.0/avr5/libgcc.a(_udivmodhi4.o)
 .debug_line    0x000000000000e864       0x61 /usr/local/Cellar/avr-gcc/8.2.0/lib/avr-gcc/8/gcc/avr/8.2.0/avr5/libgcc.a(_exit.o)
 .debug_line    0x000000000000e8c5       0x97 /usr/local/Cellar/avr-gcc/8.2.0/lib/avr-gcc/8/gcc/avr/8.2.0/avr5/libgcc.a(_copy_data.o)
 .debug_line    0x000000000000e95c       0x85 /usr/local/Cellar/avr-gcc/8.2.0/lib/avr-gcc/8/gcc/avr/8.2.0/avr5/libgcc.a(_clear_bss.o)
 .debug_line    0x000000000000e9e1       0xfd /usr/local/Cellar/avr-gcc/8.2.0/lib/avr-gcc/8/gcc/avr/8.2.0/avr5/libgcc.a(_prologue.o)
 .debug_line    0x000000000000eade       0xf7 /usr/local/Cellar/avr-gcc/8.2.0/lib/avr-gcc/8/gcc/avr/8.2.0/avr5/libgcc.a(_epilogue.o)

.debug_frame    0x0000000000000000     0x143c
 *(.debug_frame)
 .debug_frame   0x0000000000000000       0xb4 build/obj/chsys.o
 .debug_frame   0x00000000000000b4       0x74 build/obj/chvt.o
 .debug_frame   0x0000000000000128      0x140 build/obj/chschd.o
 .debug_frame   0x0000000000000268      0x27c build/obj/chthreads.o
 .debug_frame   0x00000000000004e4       0x6c build/obj/chregistry.o
 .debug_frame   0x0000000000000550      0x104 build/obj/chmtx.o
 .debug_frame   0x0000000000000654      0x20c build/obj/chevents.o
 .debug_frame   0x0000000000000860       0x60 build/obj/chmemcore.o
 .debug_frame   0x00000000000008c0      0x124 build/obj/chheap.o
 .debug_frame   0x00000000000009e4       0x34 build/obj/chcore.o
 .debug_frame   0x0000000000000a18       0x24 build/obj/hal.o
 .debug_frame   0x0000000000000a3c       0x64 build/obj/hal_st.o
 .debug_frame   0x0000000000000aa0      0x2dc build/obj/hal_queues.o
 .debug_frame   0x0000000000000d7c      0x100 build/obj/hal_adc.o
 .debug_frame   0x0000000000000e7c      0x19c build/obj/hal_serial.o
 .debug_frame   0x0000000000001018       0x24 build/obj/hal_lld.o
 .debug_frame   0x000000000000103c      0x104 build/obj/hal_adc_lld.o
 .debug_frame   0x0000000000001140       0x74 build/obj/hal_pal_lld.o
 .debug_frame   0x00000000000011b4       0x88 build/obj/hal_st_lld.o
 .debug_frame   0x000000000000123c      0x11c build/obj/hal_serial_lld.o
 .debug_frame   0x0000000000001358       0x24 build/obj/board.o
 .debug_frame   0x000000000000137c       0xc0 build/obj/main.o

.debug_str      0x0000000000000000     0x1ee3
 *(.debug_str)
 .debug_str     0x0000000000000000      0x208 /usr/local/Cellar/avr-gcc/8.2.0/lib/avr-gcc/8/gcc/avr/8.2.0/../../../../../../avr/lib/avr5/crtatmega328p.o
 .debug_str     0x0000000000000208      0x791 build/obj/chsys.o
                                        0x846 (size before relaxing)
 .debug_str     0x0000000000000999       0x72 build/obj/chvt.o
                                        0x682 (size before relaxing)
 .debug_str     0x0000000000000a0b      0x153 build/obj/chschd.o
                                        0x727 (size before relaxing)
 .debug_str     0x0000000000000b5e      0x249 build/obj/chthreads.o
                                        0x8f5 (size before relaxing)
 .debug_str     0x0000000000000da7       0x8b build/obj/chregistry.o
                                        0x60d (size before relaxing)
 .debug_str     0x0000000000000e32       0xb9 build/obj/chmtx.o
                                        0x6a1 (size before relaxing)
 .debug_str     0x0000000000000eeb      0x1ed build/obj/chevents.o
                                        0x7c8 (size before relaxing)
 .debug_str     0x00000000000010d8       0x87 build/obj/chmemcore.o
                                        0x61b (size before relaxing)
 .debug_str     0x000000000000115f       0xef build/obj/chheap.o
                                        0x68e (size before relaxing)
 .debug_str     0x000000000000124e       0x39 build/obj/chcore.o
                                        0x5ad (size before relaxing)
 .debug_str     0x0000000000001287      0x2ab build/obj/hal.o
                                        0x894 (size before relaxing)
 .debug_str     0x0000000000001532       0x83 build/obj/hal_st.o
                                        0x8ea (size before relaxing)
 .debug_str     0x00000000000015b5      0x172 build/obj/hal_queues.o
                                        0xa2c (size before relaxing)
 .debug_str     0x0000000000001727      0x177 build/obj/hal_adc.o
                                        0xa51 (size before relaxing)
 .debug_str     0x000000000000189e      0x163 build/obj/hal_serial.o
                                        0xa93 (size before relaxing)
 .debug_str     0x0000000000001a01       0x32 build/obj/hal_lld.o
                                        0x86d (size before relaxing)
 .debug_str     0x0000000000001a33       0xe7 build/obj/hal_adc_lld.o
                                        0xa1d (size before relaxing)
 .debug_str     0x0000000000001b1a      0x11d build/obj/hal_pal_lld.o
                                        0x968 (size before relaxing)
 .debug_str     0x0000000000001c37       0x56 build/obj/hal_st_lld.o
                                        0x943 (size before relaxing)
 .debug_str     0x0000000000001c8d       0x87 build/obj/hal_serial_lld.o
                                        0xa08 (size before relaxing)
 .debug_str     0x0000000000001d14       0x2c build/obj/board.o
                                        0x864 (size before relaxing)
 .debug_str     0x0000000000001d40      0x120 build/obj/main.o
                                        0x9f3 (size before relaxing)
 .debug_str     0x0000000000001e60       0x83 /usr/local/Cellar/avr-gcc/8.2.0/lib/avr-gcc/8/gcc/avr/8.2.0/avr5/libgcc.a(_udivmodhi4.o)
 .debug_str     0x0000000000001ee3       0x83 /usr/local/Cellar/avr-gcc/8.2.0/lib/avr-gcc/8/gcc/avr/8.2.0/avr5/libgcc.a(_exit.o)
 .debug_str     0x0000000000001ee3       0x83 /usr/local/Cellar/avr-gcc/8.2.0/lib/avr-gcc/8/gcc/avr/8.2.0/avr5/libgcc.a(_copy_data.o)
 .debug_str     0x0000000000001ee3       0x83 /usr/local/Cellar/avr-gcc/8.2.0/lib/avr-gcc/8/gcc/avr/8.2.0/avr5/libgcc.a(_clear_bss.o)
 .debug_str     0x0000000000001ee3       0x83 /usr/local/Cellar/avr-gcc/8.2.0/lib/avr-gcc/8/gcc/avr/8.2.0/avr5/libgcc.a(_prologue.o)
 .debug_str     0x0000000000001ee3       0x83 /usr/local/Cellar/avr-gcc/8.2.0/lib/avr-gcc/8/gcc/avr/8.2.0/avr5/libgcc.a(_epilogue.o)

.debug_loc      0x0000000000000000     0x76bd
 *(.debug_loc)
 .debug_loc     0x0000000000000000      0x4d3 build/obj/chsys.o
 .debug_loc     0x00000000000004d3      0x54e build/obj/chvt.o
 .debug_loc     0x0000000000000a21      0x623 build/obj/chschd.o
 .debug_loc     0x0000000000001044     0x1204 build/obj/chthreads.o
 .debug_loc     0x0000000000002248      0x2b5 build/obj/chregistry.o
 .debug_loc     0x00000000000024fd      0x909 build/obj/chmtx.o
 .debug_loc     0x0000000000002e06      0xb98 build/obj/chevents.o
 .debug_loc     0x000000000000399e      0x291 build/obj/chmemcore.o
 .debug_loc     0x0000000000003c2f      0x8f2 build/obj/chheap.o
 .debug_loc     0x0000000000004521       0x8a build/obj/hal_st.o
 .debug_loc     0x00000000000045ab     0x13d7 build/obj/hal_queues.o
 .debug_loc     0x0000000000005982      0x7f7 build/obj/hal_adc.o
 .debug_loc     0x0000000000006179      0x9cf build/obj/hal_serial.o
 .debug_loc     0x0000000000006b48      0x471 build/obj/hal_adc_lld.o
 .debug_loc     0x0000000000006fb9      0x18c build/obj/hal_pal_lld.o
 .debug_loc     0x0000000000007145       0xcb build/obj/hal_st_lld.o
 .debug_loc     0x0000000000007210      0x3a8 build/obj/hal_serial_lld.o
 .debug_loc     0x00000000000075b8      0x105 build/obj/main.o

.debug_macinfo
 *(.debug_macinfo)

.debug_weaknames
 *(.debug_weaknames)

.debug_funcnames
 *(.debug_funcnames)

.debug_typenames
 *(.debug_typenames)

.debug_varnames
 *(.debug_varnames)

.debug_pubtypes
 *(.debug_pubtypes)

.debug_ranges   0x0000000000000000     0x14a0
 *(.debug_ranges)
 .debug_ranges  0x0000000000000000      0x168 build/obj/chsys.o
 .debug_ranges  0x0000000000000168      0x108 build/obj/chvt.o
 .debug_ranges  0x0000000000000270       0x78 build/obj/chschd.o
 .debug_ranges  0x00000000000002e8      0x388 build/obj/chthreads.o
 .debug_ranges  0x0000000000000670      0x190 build/obj/chregistry.o
 .debug_ranges  0x0000000000000800      0x160 build/obj/chmtx.o
 .debug_ranges  0x0000000000000960      0x218 build/obj/chevents.o
 .debug_ranges  0x0000000000000b78       0x70 build/obj/chmemcore.o
 .debug_ranges  0x0000000000000be8       0x48 build/obj/chheap.o
 .debug_ranges  0x0000000000000c30       0x18 build/obj/chcore.o
 .debug_ranges  0x0000000000000c48       0x10 build/obj/hal.o
 .debug_ranges  0x0000000000000c58       0x30 build/obj/hal_st.o
 .debug_ranges  0x0000000000000c88      0x318 build/obj/hal_queues.o
 .debug_ranges  0x0000000000000fa0      0x190 build/obj/hal_adc.o
 .debug_ranges  0x0000000000001130      0x1a0 build/obj/hal_serial.o
 .debug_ranges  0x00000000000012d0       0x10 build/obj/hal_lld.o
 .debug_ranges  0x00000000000012e0       0x78 build/obj/hal_adc_lld.o
 .debug_ranges  0x0000000000001358       0x38 build/obj/hal_pal_lld.o
 .debug_ranges  0x0000000000001390       0x18 build/obj/hal_st_lld.o
 .debug_ranges  0x00000000000013a8       0x68 build/obj/hal_serial_lld.o
 .debug_ranges  0x0000000000001410       0x10 build/obj/board.o
 .debug_ranges  0x0000000000001420       0x80 build/obj/main.o

.debug_macro
 *(.debug_macro)

.debug_addr
 *(.debug_addr)
OUTPUT(build/ch.elf elf32-avr)
LOAD linker stubs

Cross Reference Table

Symbol                                            File
ADCD1                                             build/obj/hal_adc_lld.o
                                                  build/obj/main.o
SD1                                               build/obj/hal_serial_lld.o
                                                  build/obj/main.o
__addsf3                                          /usr/local/Cellar/avr-gcc/8.2.0/lib/avr-gcc/8/gcc/avr/8.2.0/../../../../../../avr/lib/avr5/libm.a(addsf3.o)
__addsf3x                                         /usr/local/Cellar/avr-gcc/8.2.0/lib/avr-gcc/8/gcc/avr/8.2.0/../../../../../../avr/lib/avr5/libm.a(addsf3x.o)
                                                  /usr/local/Cellar/avr-gcc/8.2.0/lib/avr-gcc/8/gcc/avr/8.2.0/../../../../../../avr/lib/avr5/libm.a(addsf3.o)
__avr_in_isr                                      build/obj/chcore.o
                                                  build/obj/hal_serial_lld.o
                                                  build/obj/hal_st_lld.o
                                                  build/obj/hal_adc_lld.o
                                                  build/obj/chsys.o
__bad_interrupt                                   /usr/local/Cellar/avr-gcc/8.2.0/lib/avr-gcc/8/gcc/avr/8.2.0/../../../../../../avr/lib/avr5/crtatmega328p.o
__bss_end                                         /usr/local/Cellar/avr-gcc/8.2.0/lib/avr-gcc/8/gcc/avr/8.2.0/avr5/libgcc.a(_clear_bss.o)
__bss_start                                       /usr/local/Cellar/avr-gcc/8.2.0/lib/avr-gcc/8/gcc/avr/8.2.0/avr5/libgcc.a(_clear_bss.o)
__cmpsf2                                          /usr/local/Cellar/avr-gcc/8.2.0/lib/avr-gcc/8/gcc/avr/8.2.0/../../../../../../avr/lib/avr5/libm.a(cmpsf2.o)
__ctype_isfalse                                   /usr/local/Cellar/avr-gcc/8.2.0/lib/avr-gcc/8/gcc/avr/8.2.0/../../../../../../avr/lib/avr5/libc.a(cty_isfalse.o)
                                                  /usr/local/Cellar/avr-gcc/8.2.0/lib/avr-gcc/8/gcc/avr/8.2.0/../../../../../../avr/lib/avr5/libc.a(isspace.o)
__ctype_istrue                                    /usr/local/Cellar/avr-gcc/8.2.0/lib/avr-gcc/8/gcc/avr/8.2.0/../../../../../../avr/lib/avr5/libc.a(cty_isfalse.o)
__data_end                                        /usr/local/Cellar/avr-gcc/8.2.0/lib/avr-gcc/8/gcc/avr/8.2.0/avr5/libgcc.a(_copy_data.o)
__data_load_start                                 /usr/local/Cellar/avr-gcc/8.2.0/lib/avr-gcc/8/gcc/avr/8.2.0/avr5/libgcc.a(_copy_data.o)
__data_start                                      /usr/local/Cellar/avr-gcc/8.2.0/lib/avr-gcc/8/gcc/avr/8.2.0/avr5/libgcc.a(_copy_data.o)
__divmodsi4                                       /usr/local/Cellar/avr-gcc/8.2.0/lib/avr-gcc/8/gcc/avr/8.2.0/avr5/libgcc.a(_divmodsi4.o)
                                                  build/obj/chprintf.o
__do_clear_bss                                    /usr/local/Cellar/avr-gcc/8.2.0/lib/avr-gcc/8/gcc/avr/8.2.0/avr5/libgcc.a(_clear_bss.o)
                                                  build/obj/main.o
                                                  build/obj/hal_serial_lld.o
                                                  build/obj/hal_pal_lld.o
                                                  build/obj/hal_adc_lld.o
                                                  build/obj/chcore.o
                                                  build/obj/chheap.o
                                                  build/obj/chmemcore.o
                                                  build/obj/chschd.o
                                                  build/obj/chsys.o
__do_copy_data                                    /usr/local/Cellar/avr-gcc/8.2.0/lib/avr-gcc/8/gcc/avr/8.2.0/avr5/libgcc.a(_copy_data.o)
                                                  build/obj/main.o
                                                  build/obj/chprintf.o
                                                  build/obj/board.o
                                                  build/obj/hal_serial.o
                                                  build/obj/chregistry.o
                                                  build/obj/chthreads.o
                                                  build/obj/chsys.o
__epilogue_restores__                             /usr/local/Cellar/avr-gcc/8.2.0/lib/avr-gcc/8/gcc/avr/8.2.0/avr5/libgcc.a(_epilogue.o)
                                                  /usr/local/Cellar/avr-gcc/8.2.0/lib/avr-gcc/8/gcc/avr/8.2.0/../../../../../../avr/lib/avr5/libscanf_min.a(vfscanf_min.o)
                                                  /usr/local/Cellar/avr-gcc/8.2.0/lib/avr-gcc/8/gcc/avr/8.2.0/../../../../../../avr/lib/avr5/libprintf_min.a(vfprintf_min.o)
__eqsf2                                           /usr/local/Cellar/avr-gcc/8.2.0/lib/avr-gcc/8/gcc/avr/8.2.0/../../../../../../avr/lib/avr5/libm.a(cmpsf2.o)
__fixsfsi                                         /usr/local/Cellar/avr-gcc/8.2.0/lib/avr-gcc/8/gcc/avr/8.2.0/../../../../../../avr/lib/avr5/libm.a(fixsfsi.o)
                                                  build/obj/chprintf.o
__fixunssfsi                                      /usr/local/Cellar/avr-gcc/8.2.0/lib/avr-gcc/8/gcc/avr/8.2.0/../../../../../../avr/lib/avr5/libm.a(fixunssfsi.o)
                                                  /usr/local/Cellar/avr-gcc/8.2.0/lib/avr-gcc/8/gcc/avr/8.2.0/../../../../../../avr/lib/avr5/libm.a(fixsfsi.o)
__floatsisf                                       /usr/local/Cellar/avr-gcc/8.2.0/lib/avr-gcc/8/gcc/avr/8.2.0/../../../../../../avr/lib/avr5/libm.a(floatsisf.o)
                                                  build/obj/chprintf.o
__floatunsisf                                     /usr/local/Cellar/avr-gcc/8.2.0/lib/avr-gcc/8/gcc/avr/8.2.0/../../../../../../avr/lib/avr5/libm.a(floatsisf.o)
                                                  build/obj/chprintf.o
__fp_cmp                                          /usr/local/Cellar/avr-gcc/8.2.0/lib/avr-gcc/8/gcc/avr/8.2.0/../../../../../../avr/lib/avr5/libm.a(fp_cmp.o)
                                                  /usr/local/Cellar/avr-gcc/8.2.0/lib/avr-gcc/8/gcc/avr/8.2.0/../../../../../../avr/lib/avr5/libm.a(cmpsf2.o)
__fp_inf                                          /usr/local/Cellar/avr-gcc/8.2.0/lib/avr-gcc/8/gcc/avr/8.2.0/../../../../../../avr/lib/avr5/libm.a(fp_inf.o)
                                                  /usr/local/Cellar/avr-gcc/8.2.0/lib/avr-gcc/8/gcc/avr/8.2.0/../../../../../../avr/lib/avr5/libm.a(mulsf3x.o)
                                                  /usr/local/Cellar/avr-gcc/8.2.0/lib/avr-gcc/8/gcc/avr/8.2.0/../../../../../../avr/lib/avr5/libm.a(addsf3x.o)
__fp_nan                                          /usr/local/Cellar/avr-gcc/8.2.0/lib/avr-gcc/8/gcc/avr/8.2.0/../../../../../../avr/lib/avr5/libm.a(fp_nan.o)
                                                  /usr/local/Cellar/avr-gcc/8.2.0/lib/avr-gcc/8/gcc/avr/8.2.0/../../../../../../avr/lib/avr5/libm.a(mulsf3x.o)
                                                  /usr/local/Cellar/avr-gcc/8.2.0/lib/avr-gcc/8/gcc/avr/8.2.0/../../../../../../avr/lib/avr5/libm.a(addsf3x.o)
__fp_pscA                                         /usr/local/Cellar/avr-gcc/8.2.0/lib/avr-gcc/8/gcc/avr/8.2.0/../../../../../../avr/lib/avr5/libm.a(fp_pscA.o)
                                                  /usr/local/Cellar/avr-gcc/8.2.0/lib/avr-gcc/8/gcc/avr/8.2.0/../../../../../../avr/lib/avr5/libm.a(mulsf3x.o)
                                                  /usr/local/Cellar/avr-gcc/8.2.0/lib/avr-gcc/8/gcc/avr/8.2.0/../../../../../../avr/lib/avr5/libm.a(addsf3x.o)
__fp_pscB                                         /usr/local/Cellar/avr-gcc/8.2.0/lib/avr-gcc/8/gcc/avr/8.2.0/../../../../../../avr/lib/avr5/libm.a(fp_pscB.o)
                                                  /usr/local/Cellar/avr-gcc/8.2.0/lib/avr-gcc/8/gcc/avr/8.2.0/../../../../../../avr/lib/avr5/libm.a(mulsf3x.o)
                                                  /usr/local/Cellar/avr-gcc/8.2.0/lib/avr-gcc/8/gcc/avr/8.2.0/../../../../../../avr/lib/avr5/libm.a(addsf3x.o)
__fp_round                                        /usr/local/Cellar/avr-gcc/8.2.0/lib/avr-gcc/8/gcc/avr/8.2.0/../../../../../../avr/lib/avr5/libm.a(fp_round.o)
                                                  /usr/local/Cellar/avr-gcc/8.2.0/lib/avr-gcc/8/gcc/avr/8.2.0/../../../../../../avr/lib/avr5/libm.a(mulsf3.o)
                                                  /usr/local/Cellar/avr-gcc/8.2.0/lib/avr-gcc/8/gcc/avr/8.2.0/../../../../../../avr/lib/avr5/libm.a(addsf3.o)
__fp_split3                                       /usr/local/Cellar/avr-gcc/8.2.0/lib/avr-gcc/8/gcc/avr/8.2.0/../../../../../../avr/lib/avr5/libm.a(fp_split3.o)
                                                  /usr/local/Cellar/avr-gcc/8.2.0/lib/avr-gcc/8/gcc/avr/8.2.0/../../../../../../avr/lib/avr5/libm.a(mulsf3x.o)
                                                  /usr/local/Cellar/avr-gcc/8.2.0/lib/avr-gcc/8/gcc/avr/8.2.0/../../../../../../avr/lib/avr5/libm.a(addsf3x.o)
__fp_splitA                                       /usr/local/Cellar/avr-gcc/8.2.0/lib/avr-gcc/8/gcc/avr/8.2.0/../../../../../../avr/lib/avr5/libm.a(fp_split3.o)
                                                  /usr/local/Cellar/avr-gcc/8.2.0/lib/avr-gcc/8/gcc/avr/8.2.0/../../../../../../avr/lib/avr5/libm.a(fixunssfsi.o)
__fp_szero                                        /usr/local/Cellar/avr-gcc/8.2.0/lib/avr-gcc/8/gcc/avr/8.2.0/../../../../../../avr/lib/avr5/libm.a(fp_zero.o)
                                                  /usr/local/Cellar/avr-gcc/8.2.0/lib/avr-gcc/8/gcc/avr/8.2.0/../../../../../../avr/lib/avr5/libm.a(mulsf3x.o)
                                                  /usr/local/Cellar/avr-gcc/8.2.0/lib/avr-gcc/8/gcc/avr/8.2.0/../../../../../../avr/lib/avr5/libm.a(fixsfsi.o)
__fp_zero                                         /usr/local/Cellar/avr-gcc/8.2.0/lib/avr-gcc/8/gcc/avr/8.2.0/../../../../../../avr/lib/avr5/libm.a(fp_zero.o)
                                                  /usr/local/Cellar/avr-gcc/8.2.0/lib/avr-gcc/8/gcc/avr/8.2.0/../../../../../../avr/lib/avr5/libm.a(fixunssfsi.o)
                                                  /usr/local/Cellar/avr-gcc/8.2.0/lib/avr-gcc/8/gcc/avr/8.2.0/../../../../../../avr/lib/avr5/libm.a(addsf3x.o)
__heap_end                                        /usr/local/Cellar/avr-gcc/8.2.0/lib/avr-gcc/8/gcc/avr/8.2.0/../../../../../../avr/lib/avr5/crtatmega328p.o
__init                                            /usr/local/Cellar/avr-gcc/8.2.0/lib/avr-gcc/8/gcc/avr/8.2.0/../../../../../../avr/lib/avr5/crtatmega328p.o
__lesf2                                           /usr/local/Cellar/avr-gcc/8.2.0/lib/avr-gcc/8/gcc/avr/8.2.0/../../../../../../avr/lib/avr5/libm.a(cmpsf2.o)
__ltsf2                                           /usr/local/Cellar/avr-gcc/8.2.0/lib/avr-gcc/8/gcc/avr/8.2.0/../../../../../../avr/lib/avr5/libm.a(cmpsf2.o)
                                                  build/obj/chprintf.o
__mulsf3                                          /usr/local/Cellar/avr-gcc/8.2.0/lib/avr-gcc/8/gcc/avr/8.2.0/../../../../../../avr/lib/avr5/libm.a(mulsf3.o)
                                                  build/obj/chprintf.o
__mulsf3_pse                                      /usr/local/Cellar/avr-gcc/8.2.0/lib/avr-gcc/8/gcc/avr/8.2.0/../../../../../../avr/lib/avr5/libm.a(mulsf3x.o)
__mulsf3x                                         /usr/local/Cellar/avr-gcc/8.2.0/lib/avr-gcc/8/gcc/avr/8.2.0/../../../../../../avr/lib/avr5/libm.a(mulsf3x.o)
                                                  /usr/local/Cellar/avr-gcc/8.2.0/lib/avr-gcc/8/gcc/avr/8.2.0/../../../../../../avr/lib/avr5/libm.a(mulsf3.o)
__negsi2                                          /usr/local/Cellar/avr-gcc/8.2.0/lib/avr-gcc/8/gcc/avr/8.2.0/avr5/libgcc.a(_negsi2.o)
                                                  /usr/local/Cellar/avr-gcc/8.2.0/lib/avr-gcc/8/gcc/avr/8.2.0/avr5/libgcc.a(_divmodsi4.o)
__nesf2                                           /usr/local/Cellar/avr-gcc/8.2.0/lib/avr-gcc/8/gcc/avr/8.2.0/../../../../../../avr/lib/avr5/libm.a(cmpsf2.o)
__prologue_saves__                                /usr/local/Cellar/avr-gcc/8.2.0/lib/avr-gcc/8/gcc/avr/8.2.0/avr5/libgcc.a(_prologue.o)
                                                  /usr/local/Cellar/avr-gcc/8.2.0/lib/avr-gcc/8/gcc/avr/8.2.0/../../../../../../avr/lib/avr5/libscanf_min.a(vfscanf_min.o)
                                                  /usr/local/Cellar/avr-gcc/8.2.0/lib/avr-gcc/8/gcc/avr/8.2.0/../../../../../../avr/lib/avr5/libprintf_min.a(vfprintf_min.o)
__stack                                           /usr/local/Cellar/avr-gcc/8.2.0/lib/avr-gcc/8/gcc/avr/8.2.0/../../../../../../avr/lib/avr5/crtatmega328p.o
__subsf3                                          /usr/local/Cellar/avr-gcc/8.2.0/lib/avr-gcc/8/gcc/avr/8.2.0/../../../../../../avr/lib/avr5/libm.a(addsf3.o)
                                                  build/obj/chprintf.o
__tablejump2__                                    /usr/local/Cellar/avr-gcc/8.2.0/lib/avr-gcc/8/gcc/avr/8.2.0/avr5/libgcc.a(_tablejump2.o)
                                                  build/obj/chprintf.o
__udivmodhi4                                      /usr/local/Cellar/avr-gcc/8.2.0/lib/avr-gcc/8/gcc/avr/8.2.0/avr5/libgcc.a(_udivmodhi4.o)
                                                  build/obj/hal_adc_lld.o
__udivmodsi4                                      /usr/local/Cellar/avr-gcc/8.2.0/lib/avr-gcc/8/gcc/avr/8.2.0/avr5/libgcc.a(_udivmodsi4.o)
                                                  /usr/local/Cellar/avr-gcc/8.2.0/lib/avr-gcc/8/gcc/avr/8.2.0/avr5/libgcc.a(_divmodsi4.o)
                                                  build/obj/chprintf.o
__ultoa_invert                                    /usr/local/Cellar/avr-gcc/8.2.0/lib/avr-gcc/8/gcc/avr/8.2.0/../../../../../../avr/lib/avr5/libc.a(ultoa_invert.o)
                                                  /usr/local/Cellar/avr-gcc/8.2.0/lib/avr-gcc/8/gcc/avr/8.2.0/../../../../../../avr/lib/avr5/libprintf_min.a(vfprintf_min.o)
__vector_1                                        /usr/local/Cellar/avr-gcc/8.2.0/lib/avr-gcc/8/gcc/avr/8.2.0/../../../../../../avr/lib/avr5/crtatmega328p.o
__vector_10                                       /usr/local/Cellar/avr-gcc/8.2.0/lib/avr-gcc/8/gcc/avr/8.2.0/../../../../../../avr/lib/avr5/crtatmega328p.o
__vector_11                                       build/obj/hal_st_lld.o
                                                  /usr/local/Cellar/avr-gcc/8.2.0/lib/avr-gcc/8/gcc/avr/8.2.0/../../../../../../avr/lib/avr5/crtatmega328p.o
__vector_12                                       /usr/local/Cellar/avr-gcc/8.2.0/lib/avr-gcc/8/gcc/avr/8.2.0/../../../../../../avr/lib/avr5/crtatmega328p.o
__vector_13                                       /usr/local/Cellar/avr-gcc/8.2.0/lib/avr-gcc/8/gcc/avr/8.2.0/../../../../../../avr/lib/avr5/crtatmega328p.o
__vector_14                                       /usr/local/Cellar/avr-gcc/8.2.0/lib/avr-gcc/8/gcc/avr/8.2.0/../../../../../../avr/lib/avr5/crtatmega328p.o
__vector_15                                       /usr/local/Cellar/avr-gcc/8.2.0/lib/avr-gcc/8/gcc/avr/8.2.0/../../../../../../avr/lib/avr5/crtatmega328p.o
__vector_16                                       /usr/local/Cellar/avr-gcc/8.2.0/lib/avr-gcc/8/gcc/avr/8.2.0/../../../../../../avr/lib/avr5/crtatmega328p.o
__vector_17                                       /usr/local/Cellar/avr-gcc/8.2.0/lib/avr-gcc/8/gcc/avr/8.2.0/../../../../../../avr/lib/avr5/crtatmega328p.o
__vector_18                                       build/obj/hal_serial_lld.o
                                                  /usr/local/Cellar/avr-gcc/8.2.0/lib/avr-gcc/8/gcc/avr/8.2.0/../../../../../../avr/lib/avr5/crtatmega328p.o
__vector_19                                       build/obj/hal_serial_lld.o
                                                  /usr/local/Cellar/avr-gcc/8.2.0/lib/avr-gcc/8/gcc/avr/8.2.0/../../../../../../avr/lib/avr5/crtatmega328p.o
__vector_2                                        /usr/local/Cellar/avr-gcc/8.2.0/lib/avr-gcc/8/gcc/avr/8.2.0/../../../../../../avr/lib/avr5/crtatmega328p.o
__vector_20                                       /usr/local/Cellar/avr-gcc/8.2.0/lib/avr-gcc/8/gcc/avr/8.2.0/../../../../../../avr/lib/avr5/crtatmega328p.o
__vector_21                                       build/obj/hal_adc_lld.o
                                                  /usr/local/Cellar/avr-gcc/8.2.0/lib/avr-gcc/8/gcc/avr/8.2.0/../../../../../../avr/lib/avr5/crtatmega328p.o
__vector_22                                       /usr/local/Cellar/avr-gcc/8.2.0/lib/avr-gcc/8/gcc/avr/8.2.0/../../../../../../avr/lib/avr5/crtatmega328p.o
__vector_23                                       /usr/local/Cellar/avr-gcc/8.2.0/lib/avr-gcc/8/gcc/avr/8.2.0/../../../../../../avr/lib/avr5/crtatmega328p.o
__vector_24                                       /usr/local/Cellar/avr-gcc/8.2.0/lib/avr-gcc/8/gcc/avr/8.2.0/../../../../../../avr/lib/avr5/crtatmega328p.o
__vector_25                                       /usr/local/Cellar/avr-gcc/8.2.0/lib/avr-gcc/8/gcc/avr/8.2.0/../../../../../../avr/lib/avr5/crtatmega328p.o
__vector_3                                        /usr/local/Cellar/avr-gcc/8.2.0/lib/avr-gcc/8/gcc/avr/8.2.0/../../../../../../avr/lib/avr5/crtatmega328p.o
__vector_4                                        /usr/local/Cellar/avr-gcc/8.2.0/lib/avr-gcc/8/gcc/avr/8.2.0/../../../../../../avr/lib/avr5/crtatmega328p.o
__vector_5                                        /usr/local/Cellar/avr-gcc/8.2.0/lib/avr-gcc/8/gcc/avr/8.2.0/../../../../../../avr/lib/avr5/crtatmega328p.o
__vector_6                                        /usr/local/Cellar/avr-gcc/8.2.0/lib/avr-gcc/8/gcc/avr/8.2.0/../../../../../../avr/lib/avr5/crtatmega328p.o
__vector_7                                        /usr/local/Cellar/avr-gcc/8.2.0/lib/avr-gcc/8/gcc/avr/8.2.0/../../../../../../avr/lib/avr5/crtatmega328p.o
__vector_8                                        /usr/local/Cellar/avr-gcc/8.2.0/lib/avr-gcc/8/gcc/avr/8.2.0/../../../../../../avr/lib/avr5/crtatmega328p.o
__vector_9                                        /usr/local/Cellar/avr-gcc/8.2.0/lib/avr-gcc/8/gcc/avr/8.2.0/../../../../../../avr/lib/avr5/crtatmega328p.o
__vector_default                                  /usr/local/Cellar/avr-gcc/8.2.0/lib/avr-gcc/8/gcc/avr/8.2.0/../../../../../../avr/lib/avr5/crtatmega328p.o
__vectors                                         /usr/local/Cellar/avr-gcc/8.2.0/lib/avr-gcc/8/gcc/avr/8.2.0/../../../../../../avr/lib/avr5/crtatmega328p.o
_core_init                                        build/obj/chmemcore.o
                                                  build/obj/chsys.o
_exit                                             /usr/local/Cellar/avr-gcc/8.2.0/lib/avr-gcc/8/gcc/avr/8.2.0/avr5/libgcc.a(_exit.o)
_heap_init                                        build/obj/chheap.o
                                                  build/obj/chsys.o
_pal_events                                       build/obj/hal_pal_lld.o
_pal_lld_enablepadevent                           build/obj/hal_pal_lld.o
_pal_lld_getpadfromline                           build/obj/hal_pal_lld.o
_pal_lld_getportfromline                          build/obj/hal_pal_lld.o
_pal_lld_init                                     build/obj/hal_pal_lld.o
                                                  build/obj/hal.o
_pal_lld_setgroupmode                             build/obj/hal_pal_lld.o
                                                  build/obj/main.o
                                                  build/obj/hal_pal.o
_pal_lld_setlineid                                build/obj/hal_pal_lld.o
_port_switch                                      build/obj/chcore.o
                                                  build/obj/chschd.o
_port_thread_start                                build/obj/chcore.o
                                                  build/obj/chthreads.o
_scheduler_init                                   build/obj/chschd.o
                                                  build/obj/chsys.o
_thread_init                                      build/obj/chthreads.o
                                                  build/obj/chsys.o
_vt_init                                          build/obj/chvt.o
                                                  build/obj/chsys.o
adcAcquireBus                                     build/obj/hal_adc.o
adcConvert                                        build/obj/hal_adc.o
adcInit                                           build/obj/hal_adc.o
                                                  build/obj/hal.o
adcObjectInit                                     build/obj/hal_adc.o
                                                  build/obj/hal_adc_lld.o
adcReleaseBus                                     build/obj/hal_adc.o
adcStart                                          build/obj/hal_adc.o
                                                  build/obj/main.o
adcStartConversion                                build/obj/hal_adc.o
                                                  build/obj/main.o
adcStartConversionI                               build/obj/hal_adc.o
adcStop                                           build/obj/hal_adc.o
adcStopConversion                                 build/obj/hal_adc.o
adcStopConversionI                                build/obj/hal_adc.o
adc_cb                                            build/obj/main.o
adc_lld_init                                      build/obj/hal_adc_lld.o
                                                  build/obj/hal_adc.o
adc_lld_start                                     build/obj/hal_adc_lld.o
                                                  build/obj/hal_adc.o
adc_lld_start_conversion                          build/obj/hal_adc_lld.o
                                                  build/obj/hal_adc.o
adc_lld_stop                                      build/obj/hal_adc_lld.o
                                                  build/obj/hal_adc.o
adc_lld_stop_conversion                           build/obj/hal_adc_lld.o
                                                  build/obj/hal_adc.o
boardInit                                         build/obj/board.o
                                                  build/obj/hal.o
buzzer_output                                     build/obj/main.o
ch                                                build/obj/chschd.o
                                                  build/obj/main.o
                                                  build/obj/chmsg.o
                                                  build/obj/chevents.o
                                                  build/obj/chcond.o
                                                  build/obj/chmtx.o
                                                  build/obj/chsem.o
                                                  build/obj/chregistry.o
                                                  build/obj/chthreads.o
                                                  build/obj/chvt.o
                                                  build/obj/chsys.o
chCondBroadcast                                   build/obj/chcond.o
chCondBroadcastI                                  build/obj/chcond.o
chCondObjectInit                                  build/obj/chcond.o
chCondSignal                                      build/obj/chcond.o
chCondSignalI                                     build/obj/chcond.o
chCondWait                                        build/obj/chcond.o
chCondWaitS                                       build/obj/chcond.o
chCondWaitTimeout                                 build/obj/chcond.o
chCondWaitTimeoutS                                build/obj/chcond.o
chCoreAllocAlignedWithOffset                      build/obj/chmemcore.o
                                                  build/obj/chheap.o
chCoreAllocAlignedWithOffsetI                     build/obj/chmemcore.o
chCoreGetStatusX                                  build/obj/chmemcore.o
chEvtAddEvents                                    build/obj/chevents.o
chEvtBroadcastFlags                               build/obj/chevents.o
chEvtBroadcastFlagsI                              build/obj/chevents.o
                                                  build/obj/evtimer.o
                                                  build/obj/hal_serial_lld.o
                                                  build/obj/hal_serial.o
chEvtDispatch                                     build/obj/chevents.o
chEvtGetAndClearEvents                            build/obj/chevents.o
chEvtGetAndClearEventsI                           build/obj/chevents.o
chEvtGetAndClearFlags                             build/obj/chevents.o
chEvtGetAndClearFlagsI                            build/obj/chevents.o
chEvtRegisterMaskWithFlags                        build/obj/chevents.o
chEvtSignal                                       build/obj/chevents.o
chEvtSignalI                                      build/obj/chevents.o
chEvtUnregister                                   build/obj/chevents.o
chEvtWaitAll                                      build/obj/chevents.o
chEvtWaitAllTimeout                               build/obj/chevents.o
chEvtWaitAny                                      build/obj/chevents.o
chEvtWaitAnyTimeout                               build/obj/chevents.o
chEvtWaitOne                                      build/obj/chevents.o
chEvtWaitOneTimeout                               build/obj/chevents.o
chGuardedPoolAllocTimeout                         build/obj/chmempools.o
chGuardedPoolAllocTimeoutS                        build/obj/chmempools.o
chGuardedPoolFree                                 build/obj/chmempools.o
chGuardedPoolFreeI                                build/obj/chmempools.o
chGuardedPoolLoadArray                            build/obj/chmempools.o
chGuardedPoolObjectInitAligned                    build/obj/chmempools.o
chHeapAllocAligned                                build/obj/chheap.o
chHeapFree                                        build/obj/chheap.o
chHeapObjectInit                                  build/obj/chheap.o
chHeapStatus                                      build/obj/chheap.o
chMBFetchI                                        build/obj/chmboxes.o
chMBFetchTimeout                                  build/obj/chmboxes.o
chMBFetchTimeoutS                                 build/obj/chmboxes.o
chMBObjectInit                                    build/obj/chmboxes.o
chMBPostAheadI                                    build/obj/chmboxes.o
chMBPostAheadTimeout                              build/obj/chmboxes.o
chMBPostAheadTimeoutS                             build/obj/chmboxes.o
chMBPostI                                         build/obj/chmboxes.o
chMBPostTimeout                                   build/obj/chmboxes.o
chMBPostTimeoutS                                  build/obj/chmboxes.o
chMBReset                                         build/obj/chmboxes.o
chMBResetI                                        build/obj/chmboxes.o
chMsgRelease                                      build/obj/chmsg.o
chMsgSend                                         build/obj/chmsg.o
chMsgWait                                         build/obj/chmsg.o
chMtxLock                                         build/obj/chmtx.o
                                                  build/obj/hal_adc.o
                                                  build/obj/chheap.o
chMtxLockS                                        build/obj/chmtx.o
                                                  build/obj/chcond.o
chMtxObjectInit                                   build/obj/chmtx.o
                                                  build/obj/hal_adc.o
                                                  build/obj/chheap.o
chMtxTryLock                                      build/obj/chmtx.o
chMtxTryLockS                                     build/obj/chmtx.o
chMtxUnlock                                       build/obj/chmtx.o
                                                  build/obj/hal_adc.o
                                                  build/obj/chheap.o
chMtxUnlockAll                                    build/obj/chmtx.o
chMtxUnlockAllS                                   build/obj/chmtx.o
chMtxUnlockS                                      build/obj/chmtx.o
                                                  build/obj/chcond.o
chPoolAlloc                                       build/obj/chmempools.o
chPoolAllocI                                      build/obj/chmempools.o
chPoolFree                                        build/obj/chmempools.o
chPoolFreeI                                       build/obj/chmempools.o
chPoolLoadArray                                   build/obj/chmempools.o
chPoolObjectInitAligned                           build/obj/chmempools.o
chRegFindThreadByName                             build/obj/chregistry.o
chRegFindThreadByPointer                          build/obj/chregistry.o
chRegFirstThread                                  build/obj/chregistry.o
chRegNextThread                                   build/obj/chregistry.o
chSchDoReschedule                                 build/obj/chschd.o
                                                  build/obj/hal_serial_lld.o
                                                  build/obj/hal_st_lld.o
                                                  build/obj/hal_adc_lld.o
chSchDoRescheduleAhead                            build/obj/chschd.o
chSchDoRescheduleBehind                           build/obj/chschd.o
                                                  build/obj/chthreads.o
chSchGoSleepS                                     build/obj/chschd.o
                                                  build/obj/chmsg.o
                                                  build/obj/chevents.o
                                                  build/obj/chcond.o
                                                  build/obj/chmtx.o
                                                  build/obj/chsem.o
                                                  build/obj/chthreads.o
chSchGoSleepTimeoutS                              build/obj/chschd.o
                                                  build/obj/chevents.o
                                                  build/obj/chcond.o
                                                  build/obj/chsem.o
                                                  build/obj/chthreads.o
chSchIsPreemptionRequired                         build/obj/chschd.o
                                                  build/obj/hal_serial_lld.o
                                                  build/obj/hal_st_lld.o
                                                  build/obj/hal_adc_lld.o
chSchReadyAheadI                                  build/obj/chschd.o
chSchReadyI                                       build/obj/chschd.o
                                                  build/obj/chmsg.o
                                                  build/obj/chevents.o
                                                  build/obj/chcond.o
                                                  build/obj/chmtx.o
                                                  build/obj/chsem.o
                                                  build/obj/chthreads.o
chSchRescheduleS                                  build/obj/chschd.o
                                                  build/obj/hal_serial.o
                                                  build/obj/chmempools.o
                                                  build/obj/chmboxes.o
                                                  build/obj/chevents.o
                                                  build/obj/chcond.o
                                                  build/obj/chmtx.o
                                                  build/obj/chsem.o
                                                  build/obj/chthreads.o
                                                  build/obj/chsys.o
chSchWakeupS                                      build/obj/chschd.o
                                                  build/obj/chmsg.o
                                                  build/obj/chcond.o
                                                  build/obj/chsem.o
                                                  build/obj/chthreads.o
chSemAddCounterI                                  build/obj/chsem.o
chSemObjectInit                                   build/obj/chsem.o
                                                  build/obj/chmempools.o
chSemReset                                        build/obj/chsem.o
chSemResetI                                       build/obj/chsem.o
chSemSignal                                       build/obj/chsem.o
chSemSignalI                                      build/obj/chsem.o
                                                  build/obj/chmempools.o
chSemSignalWait                                   build/obj/chsem.o
chSemWait                                         build/obj/chsem.o
chSemWaitS                                        build/obj/chsem.o
chSemWaitTimeout                                  build/obj/chsem.o
chSemWaitTimeoutS                                 build/obj/chsem.o
                                                  build/obj/chmempools.o
chSysGetStatusAndLockX                            build/obj/chsys.o
chSysHalt                                         build/obj/chsys.o
chSysInit                                         build/obj/chsys.o
                                                  build/obj/main.o
chSysIntegrityCheckI                              build/obj/chsys.o
chSysRestoreStatusX                               build/obj/chsys.o
chSysTimerHandlerI                                build/obj/chsys.o
                                                  build/obj/hal_st_lld.o
chThdAddRef                                       build/obj/chthreads.o
chThdCreate                                       build/obj/chthreads.o
                                                  build/obj/chsys.o
chThdCreateI                                      build/obj/chthreads.o
chThdCreateStatic                                 build/obj/chthreads.o
                                                  build/obj/main.o
chThdCreateSuspended                              build/obj/chthreads.o
chThdCreateSuspendedI                             build/obj/chthreads.o
chThdDequeueAllI                                  build/obj/chthreads.o
                                                  build/obj/hal_queues.o
                                                  build/obj/hal_buffers.o
                                                  build/obj/chmboxes.o
chThdDequeueNextI                                 build/obj/chthreads.o
                                                  build/obj/hal_queues.o
                                                  build/obj/hal_buffers.o
                                                  build/obj/chmboxes.o
chThdEnqueueTimeoutS                              build/obj/chthreads.o
                                                  build/obj/hal_queues.o
                                                  build/obj/hal_buffers.o
                                                  build/obj/chmboxes.o
chThdExit                                         build/obj/chthreads.o
                                                  build/obj/chcore.o
chThdExitS                                        build/obj/chthreads.o
chThdRelease                                      build/obj/chthreads.o
chThdResume                                       build/obj/chthreads.o
chThdResumeI                                      build/obj/chthreads.o
                                                  build/obj/hal_adc_lld.o
                                                  build/obj/hal_adc.o
chThdResumeS                                      build/obj/chthreads.o
                                                  build/obj/hal_adc.o
chThdSetPriority                                  build/obj/chthreads.o
chThdSleep                                        build/obj/chthreads.o
                                                  build/obj/main.o
chThdSleepUntil                                   build/obj/chthreads.o
chThdSleepUntilWindowed                           build/obj/chthreads.o
chThdStart                                        build/obj/chthreads.o
chThdSuspendS                                     build/obj/chthreads.o
chThdSuspendTimeoutS                              build/obj/chthreads.o
                                                  build/obj/hal_adc.o
chThdTerminate                                    build/obj/chthreads.o
chThdWait                                         build/obj/chthreads.o
chThdYield                                        build/obj/chthreads.o
chVTDoResetI                                      build/obj/chvt.o
                                                  build/obj/evtimer.o
                                                  build/obj/chschd.o
chVTDoSetI                                        build/obj/chvt.o
                                                  build/obj/evtimer.o
                                                  build/obj/chschd.o
ch_debug                                          build/obj/chregistry.o
                                                  build/obj/chsys.o
ch_idle_thread_wa                                 build/obj/chsys.o
ch_memcore                                        build/obj/chmemcore.o
chprintf                                          build/obj/chprintf.o
chsnprintf                                        build/obj/chprintf.o
chvprintf                                         build/obj/chprintf.o
doorOpened                                        build/obj/main.o
evtObjectInit                                     build/obj/evtimer.o
evtStart                                          build/obj/evtimer.o
exit                                              /usr/local/Cellar/avr-gcc/8.2.0/lib/avr-gcc/8/gcc/avr/8.2.0/avr5/libgcc.a(_exit.o)
                                                  /usr/local/Cellar/avr-gcc/8.2.0/lib/avr-gcc/8/gcc/avr/8.2.0/../../../../../../avr/lib/avr5/crtatmega328p.o
fgetc                                             /usr/local/Cellar/avr-gcc/8.2.0/lib/avr-gcc/8/gcc/avr/8.2.0/../../../../../../avr/lib/avr5/libc.a(fgetc.o)
                                                  /usr/local/Cellar/avr-gcc/8.2.0/lib/avr-gcc/8/gcc/avr/8.2.0/../../../../../../avr/lib/avr5/libscanf_min.a(vfscanf_min.o)
flag                                              build/obj/main.o
fputc                                             /usr/local/Cellar/avr-gcc/8.2.0/lib/avr-gcc/8/gcc/avr/8.2.0/../../../../../../avr/lib/avr5/libc.a(fputc.o)
                                                  /usr/local/Cellar/avr-gcc/8.2.0/lib/avr-gcc/8/gcc/avr/8.2.0/../../../../../../avr/lib/avr5/libprintf_min.a(vfprintf_min.o)
getSpeed                                          build/obj/main.o
halInit                                           build/obj/hal.o
                                                  build/obj/main.o
hal_lld_init                                      build/obj/hal_lld.o
                                                  build/obj/hal.o
ibqGetEmptyBufferI                                build/obj/hal_buffers.o
ibqGetFullBufferTimeout                           build/obj/hal_buffers.o
ibqGetFullBufferTimeoutS                          build/obj/hal_buffers.o
ibqGetTimeout                                     build/obj/hal_buffers.o
ibqObjectInit                                     build/obj/hal_buffers.o
ibqPostFullBufferI                                build/obj/hal_buffers.o
ibqReadTimeout                                    build/obj/hal_buffers.o
ibqReleaseEmptyBuffer                             build/obj/hal_buffers.o
ibqReleaseEmptyBufferS                            build/obj/hal_buffers.o
ibqResetI                                         build/obj/hal_buffers.o
initPorts                                         build/obj/main.o
iqGetI                                            build/obj/hal_queues.o
iqGetTimeout                                      build/obj/hal_queues.o
                                                  build/obj/hal_serial.o
iqObjectInit                                      build/obj/hal_queues.o
                                                  build/obj/hal_serial.o
iqPutI                                            build/obj/hal_queues.o
                                                  build/obj/hal_serial.o
iqReadI                                           build/obj/hal_queues.o
iqReadTimeout                                     build/obj/hal_queues.o
                                                  build/obj/hal_serial.o
iqResetI                                          build/obj/hal_queues.o
                                                  build/obj/hal_serial.o
isRanning                                         build/obj/main.o
isspace                                           /usr/local/Cellar/avr-gcc/8.2.0/lib/avr-gcc/8/gcc/avr/8.2.0/../../../../../../avr/lib/avr5/libc.a(isspace.o)
                                                  /usr/local/Cellar/avr-gcc/8.2.0/lib/avr-gcc/8/gcc/avr/8.2.0/../../../../../../avr/lib/avr5/libscanf_min.a(vfscanf_min.o)
main                                              build/obj/main.o
                                                  /usr/local/Cellar/avr-gcc/8.2.0/lib/avr-gcc/8/gcc/avr/8.2.0/../../../../../../avr/lib/avr5/crtatmega328p.o
maxSpeed                                          build/obj/main.o
memcpy                                            /usr/local/Cellar/avr-gcc/8.2.0/lib/avr-gcc/8/gcc/avr/8.2.0/../../../../../../avr/lib/avr5/libc.a(memcpy.o)
                                                  build/obj/hal_queues.o
                                                  build/obj/hal_buffers.o
motor_output                                      build/obj/main.o
msObjectInit                                      build/obj/chprintf.o
obqFlush                                          build/obj/hal_buffers.o
obqGetEmptyBufferTimeout                          build/obj/hal_buffers.o
obqGetEmptyBufferTimeoutS                         build/obj/hal_buffers.o
obqGetFullBufferI                                 build/obj/hal_buffers.o
obqObjectInit                                     build/obj/hal_buffers.o
obqPostFullBuffer                                 build/obj/hal_buffers.o
obqPostFullBufferS                                build/obj/hal_buffers.o
obqPutTimeout                                     build/obj/hal_buffers.o
obqReleaseEmptyBufferI                            build/obj/hal_buffers.o
obqResetI                                         build/obj/hal_buffers.o
obqTryFlushI                                      build/obj/hal_buffers.o
obqWriteTimeout                                   build/obj/hal_buffers.o
oqGetI                                            build/obj/hal_queues.o
                                                  build/obj/hal_serial.o
oqObjectInit                                      build/obj/hal_queues.o
                                                  build/obj/hal_serial.o
oqPutI                                            build/obj/hal_queues.o
oqPutTimeout                                      build/obj/hal_queues.o
                                                  build/obj/hal_serial.o
oqResetI                                          build/obj/hal_queues.o
                                                  build/obj/hal_serial.o
oqWriteI                                          build/obj/hal_queues.o
oqWriteTimeout                                    build/obj/hal_queues.o
                                                  build/obj/hal_serial.o
overSpeed                                         build/obj/main.o
palReadBus                                        build/obj/hal_pal.o
palSetBusMode                                     build/obj/hal_pal.o
palWriteBus                                       build/obj/hal_pal.o
pal_default_config                                build/obj/board.o
                                                  build/obj/hal.o
sdControl                                         build/obj/hal_serial.o
sdGetWouldBlock                                   build/obj/hal_serial.o
sdIncomingDataI                                   build/obj/hal_serial.o
                                                  build/obj/hal_serial_lld.o
sdInit                                            build/obj/hal_serial.o
                                                  build/obj/hal.o